../Drivers/CMSIS/Include/core_cm4.h:1688:22:__NVIC_EnableIRQ	16	static
../Drivers/CMSIS/Include/core_cm4.h:1724:22:__NVIC_DisableIRQ	16	static,ignoring_inline_asm
../Drivers/CMSIS/Include/core_cm4.h:1816:22:__NVIC_SetPriority	16	static
../Core/Src/serial.c:60:6:SerialInitialise	32	static
../Core/Src/serial.c:118:6:enable_interrupts_RX	8	static,ignoring_inline_asm
../Core/Src/serial.c:132:6:disable_interrupts_RX	8	static
../Core/Src/serial.c:136:6:SerialOutputChar	16	static
../Core/Src/serial.c:145:6:SerialOutputString	24	static
../Core/Src/serial.c:160:9:SerialReceiveChar	24	static
../Core/Src/serial.c:183:6:SerialOutputBuffer	32	static
../Core/Src/serial.c:201:6:empty_buffer	24	static
