../Core/Src/main.c:196:6:read_gyro	56	static
../Core/Src/main.c:241:6:read_LIDAR	40	static
../Core/Src/main.c:292:5:main	40	static
../Core/Src/main.c:399:6:SystemClock_Config	128	static
../Core/Src/main.c:450:13:MX_I2C1_Init	8	static
../Core/Src/main.c:498:13:MX_SPI1_Init	8	static
../Core/Src/main.c:538:13:MX_TIM1_Init	56	static
../Core/Src/main.c:598:13:MX_TIM2_Init	48	static
../Core/Src/main.c:651:13:MX_USB_PCD_Init	8	static
../Core/Src/main.c:682:13:MX_GPIO_Init	48	static
../Core/Src/main.c:726:6:USART1_IRQHandler	40	static
../Core/Src/main.c:811:6:EXTI0_IRQHandler	8	static
../Core/Src/main.c:843:6:Error_Handler	8	static,ignoring_inline_asm
