../Core/Src/main.c:76:6:USART1_IRQHandler	24	static
../Core/Src/main.c:126:6:enter_login	8	static
../Core/Src/main.c:150:6:enter_waiting	8	static
../Core/Src/main.c:163:5:main	16	static
../Core/Src/main.c:214:6:SystemClock_Config	128	static
../Core/Src/main.c:260:13:MX_ADC1_Init	48	static
../Core/Src/main.c:333:13:MX_DMA_Init	16	static
../Core/Src/main.c:351:13:MX_GPIO_Init	48	static
../Core/Src/main.c:417:6:HAL_ADC_ConvCpltCallback	16	static
../Core/Src/main.c:427:6:Error_Handler	4	static,ignoring_inline_asm
