../Drivers/CMSIS/Include/core_cm4.h:1688:22:__NVIC_EnableIRQ	16	static
../Drivers/CMSIS/Include/core_cm4.h:1816:22:__NVIC_SetPriority	16	static
../Core/Src/serial.c:60:6:SerialInitialise	32	static
../Core/Src/serial.c:118:6:enable_interrupts_RX	8	static,ignoring_inline_asm
../Core/Src/serial.c:132:6:SerialOutputChar	16	static
../Core/Src/serial.c:141:6:SerialOutputString	24	static
../Core/Src/serial.c:156:9:SerialReceiveChar	24	static
../Core/Src/serial.c:179:6:SerialOutputBuffer	32	static
../Core/Src/serial.c:198:10:SerialInputPacketHeader	24	static
../Core/Src/serial.c:230:10:SerialInputDataPacket	32	static
../Core/Src/serial.c:247:6:empty_buffer	24	static
