../Core/Src/main.c:98:6:HAL_TIM_IC_CaptureCallback	56	static
../Core/Src/main.c:142:5:main	256	static
../Core/Src/main.c:386:6:SystemClock_Config	128	static
../Core/Src/main.c:437:13:MX_I2C1_Init	8	static
../Core/Src/main.c:485:13:MX_SPI1_Init	8	static
../Core/Src/main.c:525:13:MX_TIM1_Init	56	static
../Core/Src/main.c:585:13:MX_TIM2_Init	48	static
../Core/Src/main.c:638:13:MX_USB_PCD_Init	8	static
../Core/Src/main.c:669:13:MX_GPIO_Init	48	static
../Core/Src/main.c:720:6:Error_Handler	4	static,ignoring_inline_asm
