../Drivers/CMSIS/Include/core_cm4.h:1816:22:__NVIC_SetPriority	16	static
../Core/Src/main.c:90:6:enable_clocks	4	static
../Core/Src/main.c:96:6:initialise_board	16	static
../Core/Src/main.c:121:6:HAL_TIM_IC_CaptureCallback	24	static
../Core/Src/main.c:177:5:main	304	static
../Core/Src/main.c:427:6:SystemClock_Config	128	static
../Core/Src/main.c:478:13:MX_I2C1_Init	8	static
../Core/Src/main.c:526:13:MX_SPI1_Init	8	static
../Core/Src/main.c:566:13:MX_TIM1_Init	56	static
../Core/Src/main.c:626:13:MX_TIM2_Init	48	static
../Core/Src/main.c:680:13:MX_USB_PCD_Init	8	static
../Core/Src/main.c:711:13:MX_GPIO_Init	48	static
../Core/Src/main.c:762:6:Error_Handler	4	static,ignoring_inline_asm
