../Core/Src/main.c:81:6:USART1_IRQHandler	24	static
../Core/Src/main.c:130:6:enter_pressure	8	static
../Core/Src/main.c:138:6:enter_login	8	static
../Core/Src/main.c:167:6:enter_waiting	8	static
../Core/Src/main.c:181:5:main	16	static
../Core/Src/main.c:235:6:SystemClock_Config	128	static
../Core/Src/main.c:281:13:MX_ADC1_Init	48	static
../Core/Src/main.c:356:13:MX_DMA_Init	16	static
../Core/Src/main.c:374:13:MX_GPIO_Init	48	static
../Core/Src/main.c:440:6:HAL_ADC_ConvCpltCallback	16	static
../Core/Src/main.c:453:6:Error_Handler	4	static,ignoring_inline_asm
