Archive member included to satisfy reference by file (symbol)

/Applications/STM32CubeIDE.app/Contents/Eclipse/plugins/com.st.stm32cube.ide.mcu.externaltools.gnu-tools-for-stm32.10.3-2021.10.macos64_1.0.200.202301161003/tools/bin/../lib/gcc/arm-none-eabi/10.3.1/../../../../arm-none-eabi/lib/thumb/v7e-m+fp/hard/libc_nano.a(lib_a-errno.o)
                              ./Core/Src/syscalls.o (__errno)
/Applications/STM32CubeIDE.app/Contents/Eclipse/plugins/com.st.stm32cube.ide.mcu.externaltools.gnu-tools-for-stm32.10.3-2021.10.macos64_1.0.200.202301161003/tools/bin/../lib/gcc/arm-none-eabi/10.3.1/../../../../arm-none-eabi/lib/thumb/v7e-m+fp/hard/libc_nano.a(lib_a-exit.o)
                              /Applications/STM32CubeIDE.app/Contents/Eclipse/plugins/com.st.stm32cube.ide.mcu.externaltools.gnu-tools-for-stm32.10.3-2021.10.macos64_1.0.200.202301161003/tools/bin/../lib/gcc/arm-none-eabi/10.3.1/../../../../arm-none-eabi/lib/thumb/v7e-m+fp/hard/crt0.o (exit)
/Applications/STM32CubeIDE.app/Contents/Eclipse/plugins/com.st.stm32cube.ide.mcu.externaltools.gnu-tools-for-stm32.10.3-2021.10.macos64_1.0.200.202301161003/tools/bin/../lib/gcc/arm-none-eabi/10.3.1/../../../../arm-none-eabi/lib/thumb/v7e-m+fp/hard/libc_nano.a(lib_a-impure.o)
                              /Applications/STM32CubeIDE.app/Contents/Eclipse/plugins/com.st.stm32cube.ide.mcu.externaltools.gnu-tools-for-stm32.10.3-2021.10.macos64_1.0.200.202301161003/tools/bin/../lib/gcc/arm-none-eabi/10.3.1/../../../../arm-none-eabi/lib/thumb/v7e-m+fp/hard/libc_nano.a(lib_a-exit.o) (_global_impure_ptr)
/Applications/STM32CubeIDE.app/Contents/Eclipse/plugins/com.st.stm32cube.ide.mcu.externaltools.gnu-tools-for-stm32.10.3-2021.10.macos64_1.0.200.202301161003/tools/bin/../lib/gcc/arm-none-eabi/10.3.1/../../../../arm-none-eabi/lib/thumb/v7e-m+fp/hard/libc_nano.a(lib_a-init.o)
                              /Applications/STM32CubeIDE.app/Contents/Eclipse/plugins/com.st.stm32cube.ide.mcu.externaltools.gnu-tools-for-stm32.10.3-2021.10.macos64_1.0.200.202301161003/tools/bin/../lib/gcc/arm-none-eabi/10.3.1/../../../../arm-none-eabi/lib/thumb/v7e-m+fp/hard/crt0.o (__libc_init_array)
/Applications/STM32CubeIDE.app/Contents/Eclipse/plugins/com.st.stm32cube.ide.mcu.externaltools.gnu-tools-for-stm32.10.3-2021.10.macos64_1.0.200.202301161003/tools/bin/../lib/gcc/arm-none-eabi/10.3.1/../../../../arm-none-eabi/lib/thumb/v7e-m+fp/hard/libc_nano.a(lib_a-memcpy-stub.o)
                              ./Core/Src/main.o (memcpy)
/Applications/STM32CubeIDE.app/Contents/Eclipse/plugins/com.st.stm32cube.ide.mcu.externaltools.gnu-tools-for-stm32.10.3-2021.10.macos64_1.0.200.202301161003/tools/bin/../lib/gcc/arm-none-eabi/10.3.1/../../../../arm-none-eabi/lib/thumb/v7e-m+fp/hard/libc_nano.a(lib_a-memset.o)
                              /Applications/STM32CubeIDE.app/Contents/Eclipse/plugins/com.st.stm32cube.ide.mcu.externaltools.gnu-tools-for-stm32.10.3-2021.10.macos64_1.0.200.202301161003/tools/bin/../lib/gcc/arm-none-eabi/10.3.1/../../../../arm-none-eabi/lib/thumb/v7e-m+fp/hard/crt0.o (memset)

Discarded input sections

 .text          0x0000000000000000        0x0 /Applications/STM32CubeIDE.app/Contents/Eclipse/plugins/com.st.stm32cube.ide.mcu.externaltools.gnu-tools-for-stm32.10.3-2021.10.macos64_1.0.200.202301161003/tools/bin/../lib/gcc/arm-none-eabi/10.3.1/thumb/v7e-m+fp/hard/crti.o
 .data          0x0000000000000000        0x0 /Applications/STM32CubeIDE.app/Contents/Eclipse/plugins/com.st.stm32cube.ide.mcu.externaltools.gnu-tools-for-stm32.10.3-2021.10.macos64_1.0.200.202301161003/tools/bin/../lib/gcc/arm-none-eabi/10.3.1/thumb/v7e-m+fp/hard/crti.o
 .bss           0x0000000000000000        0x0 /Applications/STM32CubeIDE.app/Contents/Eclipse/plugins/com.st.stm32cube.ide.mcu.externaltools.gnu-tools-for-stm32.10.3-2021.10.macos64_1.0.200.202301161003/tools/bin/../lib/gcc/arm-none-eabi/10.3.1/thumb/v7e-m+fp/hard/crti.o
 .data          0x0000000000000000        0x4 /Applications/STM32CubeIDE.app/Contents/Eclipse/plugins/com.st.stm32cube.ide.mcu.externaltools.gnu-tools-for-stm32.10.3-2021.10.macos64_1.0.200.202301161003/tools/bin/../lib/gcc/arm-none-eabi/10.3.1/thumb/v7e-m+fp/hard/crtbegin.o
 .rodata        0x0000000000000000       0x24 /Applications/STM32CubeIDE.app/Contents/Eclipse/plugins/com.st.stm32cube.ide.mcu.externaltools.gnu-tools-for-stm32.10.3-2021.10.macos64_1.0.200.202301161003/tools/bin/../lib/gcc/arm-none-eabi/10.3.1/thumb/v7e-m+fp/hard/crtbegin.o
 .text          0x0000000000000000       0x7c /Applications/STM32CubeIDE.app/Contents/Eclipse/plugins/com.st.stm32cube.ide.mcu.externaltools.gnu-tools-for-stm32.10.3-2021.10.macos64_1.0.200.202301161003/tools/bin/../lib/gcc/arm-none-eabi/10.3.1/../../../../arm-none-eabi/lib/thumb/v7e-m+fp/hard/crt0.o
[...]
Memory Configuration

Name             Origin             Length             Attributes
CCMRAM           0x0000000010000000 0x0000000000002000 xrw
RAM              0x0000000020000000 0x000000000000a000 xrw
FLASH            0x0000000008000000 0x0000000000040000 xr
*default*        0x0000000000000000 0xffffffffffffffff

Linker script and memory map

LOAD /Applications/STM32CubeIDE.app/Contents/Eclipse/plugins/com.st.stm32cube.ide.mcu.externaltools.gnu-tools-for-stm32.10.3-2021.10.macos64_1.0.200.202301161003/tools/bin/../lib/gcc/arm-none-eabi/10.3.1/thumb/v7e-m+fp/hard/crti.o
LOAD /Applications/STM32CubeIDE.app/Contents/Eclipse/plugins/com.st.stm32cube.ide.mcu.externaltools.gnu-tools-for-stm32.10.3-2021.10.macos64_1.0.200.202301161003/tools/bin/../lib/gcc/arm-none-eabi/10.3.1/thumb/v7e-m+fp/hard/crtbegin.o
LOAD /Applications/STM32CubeIDE.app/Contents/Eclipse/plugins/com.st.stm32cube.ide.mcu.externaltools.gnu-tools-for-stm32.10.3-2021.10.macos64_1.0.200.202301161003/tools/bin/../lib/gcc/arm-none-eabi/10.3.1/../../../../arm-none-eabi/lib/thumb/v7e-m+fp/hard/crt0.o
LOAD ./Core/Src/board.o
LOAD ./Core/Src/main.o
LOAD ./Core/Src/ptu_i2c.o
LOAD ./Core/Src/serial.o
LOAD ./Core/Src/serialise.o
LOAD ./Core/Src/servo.o
LOAD ./Core/Src/stm32f3xx_hal_msp.o
LOAD ./Core/Src/stm32f3xx_it.o
LOAD ./Core/Src/syscalls.o
LOAD ./Core/Src/sysmem.o
LOAD ./Core/Src/system_stm32f3xx.o
LOAD ./Core/Startup/startup_stm32f303vctx.o
LOAD ./Drivers/STM32F3xx_HAL_Driver/Src/stm32f3xx_hal.o
LOAD ./Drivers/STM32F3xx_HAL_Driver/Src/stm32f3xx_hal_cortex.o
LOAD ./Drivers/STM32F3xx_HAL_Driver/Src/stm32f3xx_hal_dma.o
LOAD ./Drivers/STM32F3xx_HAL_Driver/Src/stm32f3xx_hal_exti.o
LOAD ./Drivers/STM32F3xx_HAL_Driver/Src/stm32f3xx_hal_flash.o
LOAD ./Drivers/STM32F3xx_HAL_Driver/Src/stm32f3xx_hal_flash_ex.o
LOAD ./Drivers/STM32F3xx_HAL_Driver/Src/stm32f3xx_hal_gpio.o
LOAD ./Drivers/STM32F3xx_HAL_Driver/Src/stm32f3xx_hal_i2c.o
LOAD ./Drivers/STM32F3xx_HAL_Driver/Src/stm32f3xx_hal_i2c_ex.o
LOAD ./Drivers/STM32F3xx_HAL_Driver/Src/stm32f3xx_hal_pcd.o
LOAD ./Drivers/STM32F3xx_HAL_Driver/Src/stm32f3xx_hal_pcd_ex.o
LOAD ./Drivers/STM32F3xx_HAL_Driver/Src/stm32f3xx_hal_pwr.o
LOAD ./Drivers/STM32F3xx_HAL_Driver/Src/stm32f3xx_hal_pwr_ex.o
LOAD ./Drivers/STM32F3xx_HAL_Driver/Src/stm32f3xx_hal_rcc.o
LOAD ./Drivers/STM32F3xx_HAL_Driver/Src/stm32f3xx_hal_rcc_ex.o
LOAD ./Drivers/STM32F3xx_HAL_Driver/Src/stm32f3xx_hal_spi.o
LOAD ./Drivers/STM32F3xx_HAL_Driver/Src/stm32f3xx_hal_spi_ex.o
LOAD ./Drivers/STM32F3xx_HAL_Driver/Src/stm32f3xx_hal_tim.o
LOAD ./Drivers/STM32F3xx_HAL_Driver/Src/stm32f3xx_hal_tim_ex.o
LOAD ./Drivers/STM32F3xx_HAL_Driver/Src/stm32f3xx_ll_usb.o
START GROUP
LOAD /Applications/STM32CubeIDE.app/Contents/Eclipse/plugins/com.st.stm32cube.ide.mcu.externaltools.gnu-tools-for-stm32.10.3-2021.10.macos64_1.0.200.202301161003/tools/bin/../lib/gcc/arm-none-eabi/10.3.1/../../../../arm-none-eabi/lib/thumb/v7e-m+fp/hard/libc_nano.a
LOAD /Applications/STM32CubeIDE.app/Contents/Eclipse/plugins/com.st.stm32cube.ide.mcu.externaltools.gnu-tools-for-stm32.10.3-2021.10.macos64_1.0.200.202301161003/tools/bin/../lib/gcc/arm-none-eabi/10.3.1/../../../../arm-none-eabi/lib/thumb/v7e-m+fp/hard/libm.a
END GROUP
START GROUP
LOAD /Applications/STM32CubeIDE.app/Contents/Eclipse/plugins/com.st.stm32cube.ide.mcu.externaltools.gnu-tools-for-stm32.10.3-2021.10.macos64_1.0.200.202301161003/tools/bin/../lib/gcc/arm-none-eabi/10.3.1/thumb/v7e-m+fp/hard/libgcc.a
LOAD /Applications/STM32CubeIDE.app/Contents/Eclipse/plugins/com.st.stm32cube.ide.mcu.externaltools.gnu-tools-for-stm32.10.3-2021.10.macos64_1.0.200.202301161003/tools/bin/../lib/gcc/arm-none-eabi/10.3.1/../../../../arm-none-eabi/lib/thumb/v7e-m+fp/hard/libc_nano.a
END GROUP
START GROUP
LOAD /Applications/STM32CubeIDE.app/Contents/Eclipse/plugins/com.st.stm32cube.ide.mcu.externaltools.gnu-tools-for-stm32.10.3-2021.10.macos64_1.0.200.202301161003/tools/bin/../lib/gcc/arm-none-eabi/10.3.1/thumb/v7e-m+fp/hard/libgcc.a
LOAD /Applications/STM32CubeIDE.app/Contents/Eclipse/plugins/com.st.stm32cube.ide.mcu.externaltools.gnu-tools-for-stm32.10.3-2021.10.macos64_1.0.200.202301161003/tools/bin/../lib/gcc/arm-none-eabi/10.3.1/../../../../arm-none-eabi/lib/thumb/v7e-m+fp/hard/libc_nano.a
LOAD /Applications/STM32CubeIDE.app/Contents/Eclipse/plugins/com.st.stm32cube.ide.mcu.externaltools.gnu-tools-for-stm32.10.3-2021.10.macos64_1.0.200.202301161003/tools/bin/../lib/gcc/arm-none-eabi/10.3.1/../../../../arm-none-eabi/lib/thumb/v7e-m+fp/hard/libnosys.a
END GROUP
START GROUP
LOAD /Applications/STM32CubeIDE.app/Contents/Eclipse/plugins/com.st.stm32cube.ide.mcu.externaltools.gnu-tools-for-stm32.10.3-2021.10.macos64_1.0.200.202301161003/tools/bin/../lib/gcc/arm-none-eabi/10.3.1/thumb/v7e-m+fp/hard/libgcc.a
LOAD /Applications/STM32CubeIDE.app/Contents/Eclipse/plugins/com.st.stm32cube.ide.mcu.externaltools.gnu-tools-for-stm32.10.3-2021.10.macos64_1.0.200.202301161003/tools/bin/../lib/gcc/arm-none-eabi/10.3.1/../../../../arm-none-eabi/lib/thumb/v7e-m+fp/hard/libc_nano.a
LOAD /Applications/STM32CubeIDE.app/Contents/Eclipse/plugins/com.st.stm32cube.ide.mcu.externaltools.gnu-tools-for-stm32.10.3-2021.10.macos64_1.0.200.202301161003/tools/bin/../lib/gcc/arm-none-eabi/10.3.1/../../../../arm-none-eabi/lib/thumb/v7e-m+fp/hard/libnosys.a
END GROUP
LOAD /Applications/STM32CubeIDE.app/Contents/Eclipse/plugins/com.st.stm32cube.ide.mcu.externaltools.gnu-tools-for-stm32.10.3-2021.10.macos64_1.0.200.202301161003/tools/bin/../lib/gcc/arm-none-eabi/10.3.1/thumb/v7e-m+fp/hard/crtend.o
LOAD /Applications/STM32CubeIDE.app/Contents/Eclipse/plugins/com.st.stm32cube.ide.mcu.externaltools.gnu-tools-for-stm32.10.3-2021.10.macos64_1.0.200.202301161003/tools/bin/../lib/gcc/arm-none-eabi/10.3.1/thumb/v7e-m+fp/hard/crtn.o
                0x000000002000a000                _estack = (ORIGIN (RAM) + LENGTH (RAM))
                0x0000000000000200                _Min_Heap_Size = 0x200
                0x0000000000000400                _Min_Stack_Size = 0x400

.isr_vector     0x0000000008000000      0x188
                0x0000000008000000                . = ALIGN (0x4)
 *(.isr_vector)
 .isr_vector    0x0000000008000000      0x188 ./Core/Startup/startup_stm32f303vctx.o
                0x0000000008000000                g_pfnVectors
                0x0000000008000188                . = ALIGN (0x4)

.text           0x0000000008000188     0x5c40
                0x0000000008000188                . = ALIGN (0x4)
 *(.text)
 .text          0x0000000008000188       0x40 /Applications/STM32CubeIDE.app/Contents/Eclipse/plugins/com.st.stm32cube.ide.mcu.externaltools.gnu-tools-for-stm32.10.3-2021.10.macos64_1.0.200.202301161003/tools/bin/../lib/gcc/arm-none-eabi/10.3.1/thumb/v7e-m+fp/hard/crtbegin.o
 *(.text*)
 .text.enable_clocks
                0x00000000080001c8       0x20 ./Core/Src/board.o
                0x00000000080001c8                enable_clocks
 .text.initialise_board
                0x00000000080001e8       0x24 ./Core/Src/board.o
                0x00000000080001e8                initialise_board
 .text.HAL_TIM_IC_CaptureCallback
                0x000000000800020c       0x80 ./Core/Src/main.o
                0x000000000800020c                HAL_TIM_IC_CaptureCallback
 .text.main     0x000000000800028c      0x4b4 ./Core/Src/main.o
                0x000000000800028c                main
 .text.SystemClock_Config
                0x0000000008000740       0xc8 ./Core/Src/main.o
                0x0000000008000740                SystemClock_Config
 .text.MX_I2C1_Init
                0x0000000008000808       0x80 ./Core/Src/main.o
 .text.MX_SPI1_Init
                0x0000000008000888       0x7c ./Core/Src/main.o
 .text.MX_TIM1_Init
                0x0000000008000904       0xec ./Core/Src/main.o
 .text.MX_TIM2_Init
                0x00000000080009f0       0xcc ./Core/Src/main.o
 .text.MX_USB_PCD_Init
                0x0000000008000abc       0x44 ./Core/Src/main.o
 .text.MX_GPIO_Init
                0x0000000008000b00       0xfc ./Core/Src/main.o
 .text.Error_Handler
                0x0000000008000bfc        0xa ./Core/Src/main.o
                0x0000000008000bfc                Error_Handler
 *fill*         0x0000000008000c06        0x2 
 .text.initialise_ptu_i2c
                0x0000000008000c08      0x164 ./Core/Src/ptu_i2c.o
                0x0000000008000c08                initialise_ptu_i2c
 .text.SerialInitialise
                0x0000000008000d6c       0xe8 ./Core/Src/serial.o
                0x0000000008000d6c                SerialInitialise
 .text.SerialOutputChar
                0x0000000008000e54       0x32 ./Core/Src/serial.o
                0x0000000008000e54                SerialOutputChar
 .text.SerialReceiveChar
                0x0000000008000e86       0x7e ./Core/Src/serial.o
                0x0000000008000e86                SerialReceiveChar
 .text.SerialOutputBuffer
                0x0000000008000f04       0x3e ./Core/Src/serial.o
                0x0000000008000f04                SerialOutputBuffer
 .text.SerialInputPacketHeader
                0x0000000008000f42       0x82 ./Core/Src/serial.o
                0x0000000008000f42                SerialInputPacketHeader
 .text.SerialInputDataPacket
                0x0000000008000fc4       0x4e ./Core/Src/serial.o
                0x0000000008000fc4                SerialInputDataPacket
 *fill*         0x0000000008001012        0x2 
 .text.pack_buffer
                0x0000000008001014       0x98 ./Core/Src/serialise.o
                0x0000000008001014                pack_buffer
 .text.set_yaw  0x00000000080010ac       0x1e ./Core/Src/servo.o
                0x00000000080010ac                set_yaw
 .text.set_pitch
                0x00000000080010ca       0x1e ./Core/Src/servo.o
                0x00000000080010ca                set_pitch
 .text.HAL_MspInit
                0x00000000080010e8       0x48 ./Core/Src/stm32f3xx_hal_msp.o
                0x00000000080010e8                HAL_MspInit
 .text.HAL_I2C_MspInit
                0x0000000008001130       0x88 ./Core/Src/stm32f3xx_hal_msp.o
                0x0000000008001130                HAL_I2C_MspInit
 .text.HAL_SPI_MspInit
                0x00000000080011b8       0x84 ./Core/Src/stm32f3xx_hal_msp.o
                0x00000000080011b8                HAL_SPI_MspInit
 .text.HAL_TIM_Base_MspInit
                0x000000000800123c       0x98 ./Core/Src/stm32f3xx_hal_msp.o
                0x000000000800123c                HAL_TIM_Base_MspInit
 .text.HAL_TIM_PWM_MspInit
                0x00000000080012d4       0x48 ./Core/Src/stm32f3xx_hal_msp.o
                0x00000000080012d4                HAL_TIM_PWM_MspInit
 .text.HAL_TIM_MspPostInit
                0x000000000800131c       0x6c ./Core/Src/stm32f3xx_hal_msp.o
                0x000000000800131c                HAL_TIM_MspPostInit
 .text.HAL_PCD_MspInit
                0x0000000008001388       0x88 ./Core/Src/stm32f3xx_hal_msp.o
                0x0000000008001388                HAL_PCD_MspInit
 .text.NMI_Handler
                0x0000000008001410        0x6 ./Core/Src/stm32f3xx_it.o
                0x0000000008001410                NMI_Handler
 .text.HardFault_Handler
                0x0000000008001416        0x6 ./Core/Src/stm32f3xx_it.o
                0x0000000008001416                HardFault_Handler
 .text.MemManage_Handler
                0x000000000800141c        0x6 ./Core/Src/stm32f3xx_it.o
                0x000000000800141c                MemManage_Handler
 .text.BusFault_Handler
                0x0000000008001422        0x6 ./Core/Src/stm32f3xx_it.o
                0x0000000008001422                BusFault_Handler
 .text.UsageFault_Handler
                0x0000000008001428        0x6 ./Core/Src/stm32f3xx_it.o
                0x0000000008001428                UsageFault_Handler
 .text.SVC_Handler
                0x000000000800142e        0xe ./Core/Src/stm32f3xx_it.o
                0x000000000800142e                SVC_Handler
 .text.DebugMon_Handler
                0x000000000800143c        0xe ./Core/Src/stm32f3xx_it.o
                0x000000000800143c                DebugMon_Handler
 .text.PendSV_Handler
                0x000000000800144a        0xe ./Core/Src/stm32f3xx_it.o
                0x000000000800144a                PendSV_Handler
 .text.SysTick_Handler
                0x0000000008001458        0xc ./Core/Src/stm32f3xx_it.o
                0x0000000008001458                SysTick_Handler
 .text.TIM1_CC_IRQHandler
                0x0000000008001464       0x14 ./Core/Src/stm32f3xx_it.o
                0x0000000008001464                TIM1_CC_IRQHandler
 .text.TIM2_IRQHandler
                0x0000000008001478       0x14 ./Core/Src/stm32f3xx_it.o
                0x0000000008001478                TIM2_IRQHandler
 .text.SystemInit
                0x000000000800148c       0x24 ./Core/Src/system_stm32f3xx.o
                0x000000000800148c                SystemInit
 .text.Reset_Handler
                0x00000000080014b0       0x50 ./Core/Startup/startup_stm32f303vctx.o
                0x00000000080014b0                Reset_Handler
 .text.Default_Handler
                0x0000000008001500        0x2 ./Core/Startup/startup_stm32f303vctx.o
                0x0000000008001500                TIM1_BRK_TIM15_IRQHandler
                0x0000000008001500                TIM8_TRG_COM_IRQHandler
                0x0000000008001500                TIM8_CC_IRQHandler
                0x0000000008001500                USB_HP_IRQHandler
                0x0000000008001500                PVD_IRQHandler
                0x0000000008001500                TAMP_STAMP_IRQHandler
                0x0000000008001500                EXTI3_IRQHandler
                0x0000000008001500                USB_HP_CAN_TX_IRQHandler
                0x0000000008001500                EXTI0_IRQHandler
                0x0000000008001500                I2C2_EV_IRQHandler
                0x0000000008001500                FPU_IRQHandler
                0x0000000008001500                TIM1_UP_TIM16_IRQHandler
                0x0000000008001500                ADC1_2_IRQHandler
                0x0000000008001500                SPI1_IRQHandler
                0x0000000008001500                CAN_SCE_IRQHandler
                0x0000000008001500                TIM6_DAC_IRQHandler
                0x0000000008001500                TIM8_UP_IRQHandler
                0x0000000008001500                DMA2_Channel2_IRQHandler
                0x0000000008001500                DMA1_Channel4_IRQHandler
                0x0000000008001500                USART3_IRQHandler
                0x0000000008001500                DMA1_Channel7_IRQHandler
                0x0000000008001500                UART5_IRQHandler
                0x0000000008001500                ADC3_IRQHandler
                0x0000000008001500                TIM4_IRQHandler
                0x0000000008001500                CAN_RX1_IRQHandler
                0x0000000008001500                DMA2_Channel1_IRQHandler
                0x0000000008001500                I2C1_EV_IRQHandler
                0x0000000008001500                DMA1_Channel6_IRQHandler
                0x0000000008001500                UART4_IRQHandler
                0x0000000008001500                DMA2_Channel4_IRQHandler
                0x0000000008001500                TIM3_IRQHandler
                0x0000000008001500                RCC_IRQHandler
                0x0000000008001500                DMA1_Channel1_IRQHandler
                0x0000000008001500                Default_Handler
                0x0000000008001500                USBWakeUp_RMP_IRQHandler
                0x0000000008001500                EXTI15_10_IRQHandler
                0x0000000008001500                TIM7_IRQHandler
                0x0000000008001500                EXTI9_5_IRQHandler
                0x0000000008001500                RTC_WKUP_IRQHandler
                0x0000000008001500                SPI2_IRQHandler
                0x0000000008001500                USB_LP_CAN_RX0_IRQHandler
                0x0000000008001500                DMA2_Channel5_IRQHandler
                0x0000000008001500                DMA1_Channel5_IRQHandler
                0x0000000008001500                USB_LP_IRQHandler
                0x0000000008001500                EXTI4_IRQHandler
                0x0000000008001500                TIM1_TRG_COM_TIM17_IRQHandler
                0x0000000008001500                DMA1_Channel3_IRQHandler
                0x0000000008001500                ADC4_IRQHandler
                0x0000000008001500                WWDG_IRQHandler
                0x0000000008001500                COMP7_IRQHandler
                0x0000000008001500                COMP1_2_3_IRQHandler
                0x0000000008001500                EXTI1_IRQHandler
                0x0000000008001500                USART2_IRQHandler
                0x0000000008001500                COMP4_5_6_IRQHandler
                0x0000000008001500                I2C2_ER_IRQHandler
                0x0000000008001500                DMA1_Channel2_IRQHandler
                0x0000000008001500                TIM8_BRK_IRQHandler
                0x0000000008001500                FLASH_IRQHandler
                0x0000000008001500                USART1_IRQHandler
                0x0000000008001500                SPI3_IRQHandler
                0x0000000008001500                I2C1_ER_IRQHandler
                0x0000000008001500                USBWakeUp_IRQHandler
                0x0000000008001500                DMA2_Channel3_IRQHandler
                0x0000000008001500                EXTI2_TSC_IRQHandler
                0x0000000008001500                RTC_Alarm_IRQHandler
 *fill*         0x0000000008001502        0x2 
 .text.HAL_Init
                0x0000000008001504       0x2c ./Drivers/STM32F3xx_HAL_Driver/Src/stm32f3xx_hal.o
                0x0000000008001504                HAL_Init
 .text.HAL_InitTick
                0x0000000008001530       0x60 ./Drivers/STM32F3xx_HAL_Driver/Src/stm32f3xx_hal.o
                0x0000000008001530                HAL_InitTick
 .text.HAL_IncTick
                0x0000000008001590       0x28 ./Drivers/STM32F3xx_HAL_Driver/Src/stm32f3xx_hal.o
                0x0000000008001590                HAL_IncTick
 .text.HAL_GetTick
                0x00000000080015b8       0x18 ./Drivers/STM32F3xx_HAL_Driver/Src/stm32f3xx_hal.o
                0x00000000080015b8                HAL_GetTick
 .text.HAL_Delay
                0x00000000080015d0       0x48 ./Drivers/STM32F3xx_HAL_Driver/Src/stm32f3xx_hal.o
                0x00000000080015d0                HAL_Delay
 .text.__NVIC_SetPriorityGrouping
                0x0000000008001618       0x48 ./Drivers/STM32F3xx_HAL_Driver/Src/stm32f3xx_hal_cortex.o
 .text.__NVIC_GetPriorityGrouping
                0x0000000008001660       0x1c ./Drivers/STM32F3xx_HAL_Driver/Src/stm32f3xx_hal_cortex.o
 .text.__NVIC_EnableIRQ
                0x000000000800167c       0x3c ./Drivers/STM32F3xx_HAL_Driver/Src/stm32f3xx_hal_cortex.o
 .text.__NVIC_SetPriority
                0x00000000080016b8       0x54 ./Drivers/STM32F3xx_HAL_Driver/Src/stm32f3xx_hal_cortex.o
 .text.NVIC_EncodePriority
                0x000000000800170c       0x66 ./Drivers/STM32F3xx_HAL_Driver/Src/stm32f3xx_hal_cortex.o
 *fill*         0x0000000008001772        0x2 
 .text.SysTick_Config
                0x0000000008001774       0x44 ./Drivers/STM32F3xx_HAL_Driver/Src/stm32f3xx_hal_cortex.o
 .text.HAL_NVIC_SetPriorityGrouping
                0x00000000080017b8       0x16 ./Drivers/STM32F3xx_HAL_Driver/Src/stm32f3xx_hal_cortex.o
                0x00000000080017b8                HAL_NVIC_SetPriorityGrouping
 .text.HAL_NVIC_SetPriority
                0x00000000080017ce       0x38 ./Drivers/STM32F3xx_HAL_Driver/Src/stm32f3xx_hal_cortex.o
                0x00000000080017ce                HAL_NVIC_SetPriority
 .text.HAL_NVIC_EnableIRQ
                0x0000000008001806       0x1c ./Drivers/STM32F3xx_HAL_Driver/Src/stm32f3xx_hal_cortex.o
                0x0000000008001806                HAL_NVIC_EnableIRQ
 .text.HAL_SYSTICK_Config
                0x0000000008001822       0x18 ./Drivers/STM32F3xx_HAL_Driver/Src/stm32f3xx_hal_cortex.o
                0x0000000008001822                HAL_SYSTICK_Config
 *fill*         0x000000000800183a        0x2 
 .text.HAL_GPIO_Init
                0x000000000800183c      0x2f4 ./Drivers/STM32F3xx_HAL_Driver/Src/stm32f3xx_hal_gpio.o
                0x000000000800183c                HAL_GPIO_Init
 .text.HAL_GPIO_ReadPin
                0x0000000008001b30       0x30 ./Drivers/STM32F3xx_HAL_Driver/Src/stm32f3xx_hal_gpio.o
                0x0000000008001b30                HAL_GPIO_ReadPin
 .text.HAL_GPIO_WritePin
                0x0000000008001b60       0x30 ./Drivers/STM32F3xx_HAL_Driver/Src/stm32f3xx_hal_gpio.o
                0x0000000008001b60                HAL_GPIO_WritePin
 .text.HAL_I2C_Init
                0x0000000008001b90      0x11e ./Drivers/STM32F3xx_HAL_Driver/Src/stm32f3xx_hal_i2c.o
                0x0000000008001b90                HAL_I2C_Init
 *fill*         0x0000000008001cae        0x2 
 .text.HAL_I2C_Mem_Write
                0x0000000008001cb0      0x228 ./Drivers/STM32F3xx_HAL_Driver/Src/stm32f3xx_hal_i2c.o
                0x0000000008001cb0                HAL_I2C_Mem_Write
 .text.HAL_I2C_Mem_Read
                0x0000000008001ed8      0x234 ./Drivers/STM32F3xx_HAL_Driver/Src/stm32f3xx_hal_i2c.o
                0x0000000008001ed8                HAL_I2C_Mem_Read
 .text.I2C_RequestMemoryWrite
                0x000000000800210c       0xa8 ./Drivers/STM32F3xx_HAL_Driver/Src/stm32f3xx_hal_i2c.o
 .text.I2C_RequestMemoryRead
                0x00000000080021b4       0xa8 ./Drivers/STM32F3xx_HAL_Driver/Src/stm32f3xx_hal_i2c.o
 .text.I2C_Flush_TXDR
                0x000000000800225c       0x48 ./Drivers/STM32F3xx_HAL_Driver/Src/stm32f3xx_hal_i2c.o
 .text.I2C_WaitOnFlagUntilTimeout
                0x00000000080022a4       0x9e ./Drivers/STM32F3xx_HAL_Driver/Src/stm32f3xx_hal_i2c.o
 .text.I2C_WaitOnTXISFlagUntilTimeout
                0x0000000008002342       0x8e ./Drivers/STM32F3xx_HAL_Driver/Src/stm32f3xx_hal_i2c.o
 .text.I2C_WaitOnSTOPFlagUntilTimeout
                0x00000000080023d0       0x86 ./Drivers/STM32F3xx_HAL_Driver/Src/stm32f3xx_hal_i2c.o
 *fill*         0x0000000008002456        0x2 
 .text.I2C_IsErrorOccurred
                0x0000000008002458      0x1c0 ./Drivers/STM32F3xx_HAL_Driver/Src/stm32f3xx_hal_i2c.o
 .text.I2C_TransferConfig
                0x0000000008002618       0x64 ./Drivers/STM32F3xx_HAL_Driver/Src/stm32f3xx_hal_i2c.o
 .text.HAL_I2CEx_ConfigAnalogFilter
                0x000000000800267c       0x96 ./Drivers/STM32F3xx_HAL_Driver/Src/stm32f3xx_hal_i2c_ex.o
                0x000000000800267c                HAL_I2CEx_ConfigAnalogFilter
 .text.HAL_I2CEx_ConfigDigitalFilter
                0x0000000008002712       0x98 ./Drivers/STM32F3xx_HAL_Driver/Src/stm32f3xx_hal_i2c_ex.o
                0x0000000008002712                HAL_I2CEx_ConfigDigitalFilter
 .text.HAL_PCD_Init
                0x00000000080027aa      0x1a4 ./Drivers/STM32F3xx_HAL_Driver/Src/stm32f3xx_hal_pcd.o
                0x00000000080027aa                HAL_PCD_Init
 *fill*         0x000000000800294e        0x2 
 .text.HAL_RCC_OscConfig
                0x0000000008002950     0x107c ./Drivers/STM32F3xx_HAL_Driver/Src/stm32f3xx_hal_rcc.o
                0x0000000008002950                HAL_RCC_OscConfig
 .text.HAL_RCC_ClockConfig
                0x00000000080039cc      0x2f8 ./Drivers/STM32F3xx_HAL_Driver/Src/stm32f3xx_hal_rcc.o
                0x00000000080039cc                HAL_RCC_ClockConfig
 .text.HAL_RCC_GetSysClockFreq
                0x0000000008003cc4       0xd4 ./Drivers/STM32F3xx_HAL_Driver/Src/stm32f3xx_hal_rcc.o
                0x0000000008003cc4                HAL_RCC_GetSysClockFreq
 .text.HAL_RCCEx_PeriphCLKConfig
                0x0000000008003d98      0x360 ./Drivers/STM32F3xx_HAL_Driver/Src/stm32f3xx_hal_rcc_ex.o
                0x0000000008003d98                HAL_RCCEx_PeriphCLKConfig
 .text.HAL_SPI_Init
                0x00000000080040f8      0x156 ./Drivers/STM32F3xx_HAL_Driver/Src/stm32f3xx_hal_spi.o
                0x00000000080040f8                HAL_SPI_Init
 .text.HAL_TIM_Base_Init
                0x000000000800424e       0xae ./Drivers/STM32F3xx_HAL_Driver/Src/stm32f3xx_hal_tim.o
                0x000000000800424e                HAL_TIM_Base_Init
 .text.HAL_TIM_PWM_Init
                0x00000000080042fc       0xae ./Drivers/STM32F3xx_HAL_Driver/Src/stm32f3xx_hal_tim.o
                0x00000000080042fc                HAL_TIM_PWM_Init
 *fill*         0x00000000080043aa        0x2 
 .text.HAL_TIM_PWM_Start
                0x00000000080043ac      0x200 ./Drivers/STM32F3xx_HAL_Driver/Src/stm32f3xx_hal_tim.o
                0x00000000080043ac                HAL_TIM_PWM_Start
 .text.HAL_TIM_IC_Init
                0x00000000080045ac       0xae ./Drivers/STM32F3xx_HAL_Driver/Src/stm32f3xx_hal_tim.o
                0x00000000080045ac                HAL_TIM_IC_Init
 .text.HAL_TIM_IC_MspInit
                0x000000000800465a       0x14 ./Drivers/STM32F3xx_HAL_Driver/Src/stm32f3xx_hal_tim.o
                0x000000000800465a                HAL_TIM_IC_MspInit
 *fill*         0x000000000800466e        0x2 
 .text.HAL_TIM_IC_Start_IT
                0x0000000008004670      0x284 ./Drivers/STM32F3xx_HAL_Driver/Src/stm32f3xx_hal_tim.o
                0x0000000008004670                HAL_TIM_IC_Start_IT
 .text.HAL_TIM_IRQHandler
                0x00000000080048f4      0x23e ./Drivers/STM32F3xx_HAL_Driver/Src/stm32f3xx_hal_tim.o
                0x00000000080048f4                HAL_TIM_IRQHandler
 .text.HAL_TIM_IC_ConfigChannel
                0x0000000008004b32      0x138 ./Drivers/STM32F3xx_HAL_Driver/Src/stm32f3xx_hal_tim.o
                0x0000000008004b32                HAL_TIM_IC_ConfigChannel
 *fill*         0x0000000008004c6a        0x2 
 .text.HAL_TIM_PWM_ConfigChannel
                0x0000000008004c6c      0x228 ./Drivers/STM32F3xx_HAL_Driver/Src/stm32f3xx_hal_tim.o
                0x0000000008004c6c                HAL_TIM_PWM_ConfigChannel
 .text.HAL_TIM_ConfigClockSource
                0x0000000008004e94      0x192 ./Drivers/STM32F3xx_HAL_Driver/Src/stm32f3xx_hal_tim.o
                0x0000000008004e94                HAL_TIM_ConfigClockSource
 *fill*         0x0000000008005026        0x2 
 .text.HAL_TIM_ReadCapturedValue
                0x0000000008005028       0x88 ./Drivers/STM32F3xx_HAL_Driver/Src/stm32f3xx_hal_tim.o
                0x0000000008005028                HAL_TIM_ReadCapturedValue
 .text.HAL_TIM_PeriodElapsedCallback
                0x00000000080050b0       0x14 ./Drivers/STM32F3xx_HAL_Driver/Src/stm32f3xx_hal_tim.o
                0x00000000080050b0                HAL_TIM_PeriodElapsedCallback
 .text.HAL_TIM_OC_DelayElapsedCallback
                0x00000000080050c4       0x14 ./Drivers/STM32F3xx_HAL_Driver/Src/stm32f3xx_hal_tim.o
                0x00000000080050c4                HAL_TIM_OC_DelayElapsedCallback
 .text.HAL_TIM_PWM_PulseFinishedCallback
                0x00000000080050d8       0x14 ./Drivers/STM32F3xx_HAL_Driver/Src/stm32f3xx_hal_tim.o
                0x00000000080050d8                HAL_TIM_PWM_PulseFinishedCallback
 .text.HAL_TIM_TriggerCallback
                0x00000000080050ec       0x14 ./Drivers/STM32F3xx_HAL_Driver/Src/stm32f3xx_hal_tim.o
                0x00000000080050ec                HAL_TIM_TriggerCallback
 .text.TIM_Base_SetConfig
                0x0000000008005100      0x120 ./Drivers/STM32F3xx_HAL_Driver/Src/stm32f3xx_hal_tim.o
                0x0000000008005100                TIM_Base_SetConfig
 .text.TIM_OC1_SetConfig
                0x0000000008005220      0x120 ./Drivers/STM32F3xx_HAL_Driver/Src/stm32f3xx_hal_tim.o
 .text.TIM_OC2_SetConfig
                0x0000000008005340      0x114 ./Drivers/STM32F3xx_HAL_Driver/Src/stm32f3xx_hal_tim.o
                0x0000000008005340                TIM_OC2_SetConfig
 .text.TIM_OC3_SetConfig
                0x0000000008005454      0x110 ./Drivers/STM32F3xx_HAL_Driver/Src/stm32f3xx_hal_tim.o
 .text.TIM_OC4_SetConfig
                0x0000000008005564       0xd4 ./Drivers/STM32F3xx_HAL_Driver/Src/stm32f3xx_hal_tim.o
 .text.TIM_OC5_SetConfig
                0x0000000008005638       0xc8 ./Drivers/STM32F3xx_HAL_Driver/Src/stm32f3xx_hal_tim.o
 .text.TIM_OC6_SetConfig
                0x0000000008005700       0xcc ./Drivers/STM32F3xx_HAL_Driver/Src/stm32f3xx_hal_tim.o
 .text.TIM_TI1_SetConfig
                0x00000000080057cc       0xd0 ./Drivers/STM32F3xx_HAL_Driver/Src/stm32f3xx_hal_tim.o
                0x00000000080057cc                TIM_TI1_SetConfig
 .text.TIM_TI1_ConfigInputStage
                0x000000000800589c       0x5e ./Drivers/STM32F3xx_HAL_Driver/Src/stm32f3xx_hal_tim.o
 .text.TIM_TI2_SetConfig
                0x00000000080058fa       0x7a ./Drivers/STM32F3xx_HAL_Driver/Src/stm32f3xx_hal_tim.o
 .text.TIM_TI2_ConfigInputStage
                0x0000000008005974       0x60 ./Drivers/STM32F3xx_HAL_Driver/Src/stm32f3xx_hal_tim.o
 .text.TIM_TI3_SetConfig
                0x00000000080059d4       0x78 ./Drivers/STM32F3xx_HAL_Driver/Src/stm32f3xx_hal_tim.o
 .text.TIM_TI4_SetConfig
                0x0000000008005a4c       0x7a ./Drivers/STM32F3xx_HAL_Driver/Src/stm32f3xx_hal_tim.o
 .text.TIM_ITRx_SetConfig
                0x0000000008005ac6       0x36 ./Drivers/STM32F3xx_HAL_Driver/Src/stm32f3xx_hal_tim.o
 .text.TIM_ETR_SetConfig
                0x0000000008005afc       0x40 ./Drivers/STM32F3xx_HAL_Driver/Src/stm32f3xx_hal_tim.o
                0x0000000008005afc                TIM_ETR_SetConfig
 .text.TIM_CCxChannelCmd
                0x0000000008005b3c       0x4a ./Drivers/STM32F3xx_HAL_Driver/Src/stm32f3xx_hal_tim.o
                0x0000000008005b3c                TIM_CCxChannelCmd
 *fill*         0x0000000008005b86        0x2 
 .text.HAL_TIMEx_MasterConfigSynchronization
                0x0000000008005b88      0x100 ./Drivers/STM32F3xx_HAL_Driver/Src/stm32f3xx_hal_tim_ex.o
                0x0000000008005b88                HAL_TIMEx_MasterConfigSynchronization
 .text.HAL_TIMEx_CommutCallback
                0x0000000008005c88       0x14 ./Drivers/STM32F3xx_HAL_Driver/Src/stm32f3xx_hal_tim_ex.o
                0x0000000008005c88                HAL_TIMEx_CommutCallback
 .text.HAL_TIMEx_BreakCallback
                0x0000000008005c9c       0x14 ./Drivers/STM32F3xx_HAL_Driver/Src/stm32f3xx_hal_tim_ex.o
                0x0000000008005c9c                HAL_TIMEx_BreakCallback
 .text.HAL_TIMEx_Break2Callback
                0x0000000008005cb0       0x14 ./Drivers/STM32F3xx_HAL_Driver/Src/stm32f3xx_hal_tim_ex.o
                0x0000000008005cb0                HAL_TIMEx_Break2Callback
 .text.USB_DisableGlobalInt
                0x0000000008005cc4       0x36 ./Drivers/STM32F3xx_HAL_Driver/Src/stm32f3xx_ll_usb.o
                0x0000000008005cc4                USB_DisableGlobalInt
 .text.USB_DevInit
                0x0000000008005cfa       0x42 ./Drivers/STM32F3xx_HAL_Driver/Src/stm32f3xx_ll_usb.o
                0x0000000008005cfa                USB_DevInit
 .text.__libc_init_array
                0x0000000008005d3c       0x48 /Applications/STM32CubeIDE.app/Contents/Eclipse/plugins/com.st.stm32cube.ide.mcu.externaltools.gnu-tools-for-stm32.10.3-2021.10.macos64_1.0.200.202301161003/tools/bin/../lib/gcc/arm-none-eabi/10.3.1/../../../../arm-none-eabi/lib/thumb/v7e-m+fp/hard/libc_nano.a(lib_a-init.o)
                0x0000000008005d3c                __libc_init_array
 .text.memcpy   0x0000000008005d84       0x1c /Applications/STM32CubeIDE.app/Contents/Eclipse/plugins/com.st.stm32cube.ide.mcu.externaltools.gnu-tools-for-stm32.10.3-2021.10.macos64_1.0.200.202301161003/tools/bin/../lib/gcc/arm-none-eabi/10.3.1/../../../../arm-none-eabi/lib/thumb/v7e-m+fp/hard/libc_nano.a(lib_a-memcpy-stub.o)
                0x0000000008005d84                memcpy
 .text.memset   0x0000000008005da0       0x10 /Applications/STM32CubeIDE.app/Contents/Eclipse/plugins/com.st.stm32cube.ide.mcu.externaltools.gnu-tools-for-stm32.10.3-2021.10.macos64_1.0.200.202301161003/tools/bin/../lib/gcc/arm-none-eabi/10.3.1/../../../../arm-none-eabi/lib/thumb/v7e-m+fp/hard/libc_nano.a(lib_a-memset.o)
                0x0000000008005da0                memset
 *(.glue_7)
 .glue_7        0x0000000008005db0        0x0 linker stubs
 *(.glue_7t)
 .glue_7t       0x0000000008005db0        0x0 linker stubs
 *(.eh_frame)
 .eh_frame      0x0000000008005db0        0x0 /Applications/STM32CubeIDE.app/Contents/Eclipse/plugins/com.st.stm32cube.ide.mcu.externaltools.gnu-tools-for-stm32.10.3-2021.10.macos64_1.0.200.202301161003/tools/bin/../lib/gcc/arm-none-eabi/10.3.1/thumb/v7e-m+fp/hard/crtbegin.o
 *(.init)
 .init          0x0000000008005db0        0x4 /Applications/STM32CubeIDE.app/Contents/Eclipse/plugins/com.st.stm32cube.ide.mcu.externaltools.gnu-tools-for-stm32.10.3-2021.10.macos64_1.0.200.202301161003/tools/bin/../lib/gcc/arm-none-eabi/10.3.1/thumb/v7e-m+fp/hard/crti.o
                0x0000000008005db0                _init
 .init          0x0000000008005db4        0x8 /Applications/STM32CubeIDE.app/Contents/Eclipse/plugins/com.st.stm32cube.ide.mcu.externaltools.gnu-tools-for-stm32.10.3-2021.10.macos64_1.0.200.202301161003/tools/bin/../lib/gcc/arm-none-eabi/10.3.1/thumb/v7e-m+fp/hard/crtn.o
 *(.fini)
 .fini          0x0000000008005dbc        0x4 /Applications/STM32CubeIDE.app/Contents/Eclipse/plugins/com.st.stm32cube.ide.mcu.externaltools.gnu-tools-for-stm32.10.3-2021.10.macos64_1.0.200.202301161003/tools/bin/../lib/gcc/arm-none-eabi/10.3.1/thumb/v7e-m+fp/hard/crti.o
                0x0000000008005dbc                _fini
 .fini          0x0000000008005dc0        0x8 /Applications/STM32CubeIDE.app/Contents/Eclipse/plugins/com.st.stm32cube.ide.mcu.externaltools.gnu-tools-for-stm32.10.3-2021.10.macos64_1.0.200.202301161003/tools/bin/../lib/gcc/arm-none-eabi/10.3.1/thumb/v7e-m+fp/hard/crtn.o
                0x0000000008005dc8                . = ALIGN (0x4)
                0x0000000008005dc8                _etext = .

.vfp11_veneer   0x0000000008005dc8        0x0
 .vfp11_veneer  0x0000000008005dc8        0x0 linker stubs

.v4_bx          0x0000000008005dc8        0x0
 .v4_bx         0x0000000008005dc8        0x0 linker stubs

.iplt           0x0000000008005dc8        0x0
 .iplt          0x0000000008005dc8        0x0 /Applications/STM32CubeIDE.app/Contents/Eclipse/plugins/com.st.stm32cube.ide.mcu.externaltools.gnu-tools-for-stm32.10.3-2021.10.macos64_1.0.200.202301161003/tools/bin/../lib/gcc/arm-none-eabi/10.3.1/thumb/v7e-m+fp/hard/crtbegin.o

.rodata         0x0000000008005dc8       0x78
                0x0000000008005dc8                . = ALIGN (0x4)
 *(.rodata)
 .rodata        0x0000000008005dc8       0x40 ./Core/Src/main.o
 .rodata        0x0000000008005e08        0x8 ./Core/Src/ptu_i2c.o
 *(.rodata*)
 .rodata.AHBPrescTable
                0x0000000008005e10       0x10 ./Core/Src/system_stm32f3xx.o
                0x0000000008005e10                AHBPrescTable
 .rodata.aPLLMULFactorTable
                0x0000000008005e20       0x10 ./Drivers/STM32F3xx_HAL_Driver/Src/stm32f3xx_hal_rcc.o
 .rodata.aPredivFactorTable
                0x0000000008005e30       0x10 ./Drivers/STM32F3xx_HAL_Driver/Src/stm32f3xx_hal_rcc.o
                0x0000000008005e40                . = ALIGN (0x4)

.rel.dyn        0x0000000008005e40        0x0
 .rel.iplt      0x0000000008005e40        0x0 /Applications/STM32CubeIDE.app/Contents/Eclipse/plugins/com.st.stm32cube.ide.mcu.externaltools.gnu-tools-for-stm32.10.3-2021.10.macos64_1.0.200.202301161003/tools/bin/../lib/gcc/arm-none-eabi/10.3.1/thumb/v7e-m+fp/hard/crtbegin.o

.ARM.extab      0x0000000008005e40        0x0
                0x0000000008005e40                . = ALIGN (0x4)
 *(.ARM.extab* .gnu.linkonce.armextab.*)
                0x0000000008005e40                . = ALIGN (0x4)

.ARM            0x0000000008005e40        0x0
                0x0000000008005e40                . = ALIGN (0x4)
                0x0000000008005e40                __exidx_start = .
 *(.ARM.exidx*)
                0x0000000008005e40                __exidx_end = .
                0x0000000008005e40                . = ALIGN (0x4)

.preinit_array  0x0000000008005e40        0x0
                0x0000000008005e40                . = ALIGN (0x4)
                0x0000000008005e40                PROVIDE (__preinit_array_start = .)
 *(.preinit_array*)
                0x0000000008005e40                PROVIDE (__preinit_array_end = .)
                0x0000000008005e40                . = ALIGN (0x4)

.init_array     0x0000000008005e40        0x4
                0x0000000008005e40                . = ALIGN (0x4)
                0x0000000008005e40                PROVIDE (__init_array_start = .)
 *(SORT_BY_NAME(.init_array.*))
 *(.init_array*)
 .init_array    0x0000000008005e40        0x4 /Applications/STM32CubeIDE.app/Contents/Eclipse/plugins/com.st.stm32cube.ide.mcu.externaltools.gnu-tools-for-stm32.10.3-2021.10.macos64_1.0.200.202301161003/tools/bin/../lib/gcc/arm-none-eabi/10.3.1/thumb/v7e-m+fp/hard/crtbegin.o
                0x0000000008005e44                PROVIDE (__init_array_end = .)
                0x0000000008005e44                . = ALIGN (0x4)

.fini_array     0x0000000008005e44        0x4
                0x0000000008005e44                . = ALIGN (0x4)
                [!provide]                        PROVIDE (__fini_array_start = .)
 *(SORT_BY_NAME(.fini_array.*))
 *(.fini_array*)
 .fini_array    0x0000000008005e44        0x4 /Applications/STM32CubeIDE.app/Contents/Eclipse/plugins/com.st.stm32cube.ide.mcu.externaltools.gnu-tools-for-stm32.10.3-2021.10.macos64_1.0.200.202301161003/tools/bin/../lib/gcc/arm-none-eabi/10.3.1/thumb/v7e-m+fp/hard/crtbegin.o
                [!provide]                        PROVIDE (__fini_array_end = .)
                0x0000000008005e48                . = ALIGN (0x4)
                0x0000000008005e48                _sidata = LOADADDR (.data)

.data           0x0000000020000000       0x4c load address 0x0000000008005e48
                0x0000000020000000                . = ALIGN (0x4)
                0x0000000020000000                _sdata = .
 *(.data)
 *(.data*)
 .data.USART1_PORT
                0x0000000020000000       0x40 ./Core/Src/serial.o
                0x0000000020000000                USART1_PORT
 .data.SystemCoreClock
                0x0000000020000040        0x4 ./Core/Src/system_stm32f3xx.o
                0x0000000020000040                SystemCoreClock
 .data.uwTickPrio
                0x0000000020000044        0x4 ./Drivers/STM32F3xx_HAL_Driver/Src/stm32f3xx_hal.o
                0x0000000020000044                uwTickPrio
 .data.uwTickFreq
                0x0000000020000048        0x1 ./Drivers/STM32F3xx_HAL_Driver/Src/stm32f3xx_hal.o
                0x0000000020000048                uwTickFreq
 *(.RamFunc)
 *(.RamFunc*)
                0x000000002000004c                . = ALIGN (0x4)
 *fill*         0x0000000020000049        0x3 
                0x000000002000004c                _edata = .
                0x0000000008005e94                _siccmram = LOADADDR (.ccmram)

.igot.plt       0x000000002000004c        0x0 load address 0x0000000008005e94
 .igot.plt      0x000000002000004c        0x0 /Applications/STM32CubeIDE.app/Contents/Eclipse/plugins/com.st.stm32cube.ide.mcu.externaltools.gnu-tools-for-stm32.10.3-2021.10.macos64_1.0.200.202301161003/tools/bin/../lib/gcc/arm-none-eabi/10.3.1/thumb/v7e-m+fp/hard/crtbegin.o

.ccmram         0x0000000010000000        0x0 load address 0x0000000008005e94
                0x0000000010000000                . = ALIGN (0x4)
                0x0000000010000000                _sccmram = .
 *(.ccmram)
 *(.ccmram*)
                0x0000000010000000                . = ALIGN (0x4)
                0x0000000010000000                _eccmram = .
                0x0000000010000000                . = ALIGN (0x4)

.bss            0x000000002000004c      0x464
                0x000000002000004c                _sbss = .
                0x000000002000004c                __bss_start__ = _sbss
 *(.bss)
 .bss           0x000000002000004c       0x1c /Applications/STM32CubeIDE.app/Contents/Eclipse/plugins/com.st.stm32cube.ide.mcu.externaltools.gnu-tools-for-stm32.10.3-2021.10.macos64_1.0.200.202301161003/tools/bin/../lib/gcc/arm-none-eabi/10.3.1/thumb/v7e-m+fp/hard/crtbegin.o
 *(.bss*)
 .bss.hi2c1     0x0000000020000068       0x54 ./Core/Src/main.o
                0x0000000020000068                hi2c1
 .bss.hspi1     0x00000000200000bc       0x64 ./Core/Src/main.o
                0x00000000200000bc                hspi1
 .bss.htim1     0x0000000020000120       0x4c ./Core/Src/main.o
                0x0000000020000120                htim1
 .bss.htim2     0x000000002000016c       0x4c ./Core/Src/main.o
                0x000000002000016c                htim2
 .bss.hpcd_USB_FS
                0x00000000200001b8      0x2ec ./Core/Src/main.o
                0x00000000200001b8                hpcd_USB_FS
 .bss.last_capture
                0x00000000200004a4        0x2 ./Core/Src/main.o
                0x00000000200004a4                last_capture
 .bss.diff      0x00000000200004a6        0x2 ./Core/Src/main.o
                0x00000000200004a6                diff
 .bss.rise_time
                0x00000000200004a8        0x2 ./Core/Src/main.o
                0x00000000200004a8                rise_time
 .bss.last_period
                0x00000000200004aa        0x2 ./Core/Src/main.o
                0x00000000200004aa                last_period
 .bss.uwTick    0x00000000200004ac        0x4 ./Drivers/STM32F3xx_HAL_Driver/Src/stm32f3xx_hal.o
                0x00000000200004ac                uwTick
 *(COMMON)
                0x00000000200004b0                . = ALIGN (0x4)
                0x00000000200004b0                _ebss = .
                0x00000000200004b0                __bss_end__ = _ebss

._user_heap_stack
                0x00000000200004b0      0x600
                0x00000000200004b0                . = ALIGN (0x8)
                [!provide]                        PROVIDE (end = .)
                0x00000000200004b0                PROVIDE (_end = .)
                0x00000000200006b0                . = (. + _Min_Heap_Size)
 *fill*         0x00000000200004b0      0x200 
                0x0000000020000ab0                . = (. + _Min_Stack_Size)
 *fill*         0x00000000200006b0      0x400 
                0x0000000020000ab0                . = ALIGN (0x8)

/DISCARD/
 libc.a(*)
 libm.a(*)
 libgcc.a(*)

.ARM.attributes
                0x0000000000000000       0x30
 *(.ARM.attributes)
 .ARM.attributes
                0x0000000000000000       0x1e /Applications/STM32CubeIDE.app/Contents/Eclipse/plugins/com.st.stm32cube.ide.mcu.externaltools.gnu-tools-for-stm32.10.3-2021.10.macos64_1.0.200.202301161003/tools/bin/../lib/gcc/arm-none-eabi/10.3.1/thumb/v7e-m+fp/hard/crti.o
 .ARM.attributes
                0x000000000000001e       0x34 /Applications/STM32CubeIDE.app/Contents/Eclipse/plugins/com.st.stm32cube.ide.mcu.externaltools.gnu-tools-for-stm32.10.3-2021.10.macos64_1.0.200.202301161003/tools/bin/../lib/gcc/arm-none-eabi/10.3.1/thumb/v7e-m+fp/hard/crtbegin.o
 .ARM.attributes
                0x0000000000000052       0x34 ./Core/Src/board.o
 .ARM.attributes
                0x0000000000000086       0x34 ./Core/Src/main.o
 .ARM.attributes
                0x00000000000000ba       0x34 ./Core/Src/ptu_i2c.o
 .ARM.attributes
                0x00000000000000ee       0x34 ./Core/Src/serial.o
 .ARM.attributes
                0x0000000000000122       0x34 ./Core/Src/serialise.o
 .ARM.attributes
                0x0000000000000156       0x34 ./Core/Src/servo.o
 .ARM.attributes
                0x000000000000018a       0x34 ./Core/Src/stm32f3xx_hal_msp.o
 .ARM.attributes
                0x00000000000001be       0x34 ./Core/Src/stm32f3xx_it.o
 .ARM.attributes
                0x00000000000001f2       0x34 ./Core/Src/system_stm32f3xx.o
 .ARM.attributes
                0x0000000000000226       0x21 ./Core/Startup/startup_stm32f303vctx.o
 .ARM.attributes
                0x0000000000000247       0x34 ./Drivers/STM32F3xx_HAL_Driver/Src/stm32f3xx_hal.o
 .ARM.attributes
                0x000000000000027b       0x34 ./Drivers/STM32F3xx_HAL_Driver/Src/stm32f3xx_hal_cortex.o
 .ARM.attributes
                0x00000000000002af       0x34 ./Drivers/STM32F3xx_HAL_Driver/Src/stm32f3xx_hal_gpio.o
 .ARM.attributes
                0x00000000000002e3       0x34 ./Drivers/STM32F3xx_HAL_Driver/Src/stm32f3xx_hal_i2c.o
 .ARM.attributes
                0x0000000000000317       0x34 ./Drivers/STM32F3xx_HAL_Driver/Src/stm32f3xx_hal_i2c_ex.o
 .ARM.attributes
                0x000000000000034b       0x34 ./Drivers/STM32F3xx_HAL_Driver/Src/stm32f3xx_hal_pcd.o
 .ARM.attributes
                0x000000000000037f       0x34 ./Drivers/STM32F3xx_HAL_Driver/Src/stm32f3xx_hal_rcc.o
 .ARM.attributes
                0x00000000000003b3       0x34 ./Drivers/STM32F3xx_HAL_Driver/Src/stm32f3xx_hal_rcc_ex.o
 .ARM.attributes
                0x00000000000003e7       0x34 ./Drivers/STM32F3xx_HAL_Driver/Src/stm32f3xx_hal_spi.o
 .ARM.attributes
                0x000000000000041b       0x34 ./Drivers/STM32F3xx_HAL_Driver/Src/stm32f3xx_hal_tim.o
 .ARM.attributes
                0x000000000000044f       0x34 ./Drivers/STM32F3xx_HAL_Driver/Src/stm32f3xx_hal_tim_ex.o
 .ARM.attributes
                0x0000000000000483       0x34 ./Drivers/STM32F3xx_HAL_Driver/Src/stm32f3xx_ll_usb.o
 .ARM.attributes
                0x00000000000004b7       0x34 /Applications/STM32CubeIDE.app/Contents/Eclipse/plugins/com.st.stm32cube.ide.mcu.externaltools.gnu-tools-for-stm32.10.3-2021.10.macos64_1.0.200.202301161003/tools/bin/../lib/gcc/arm-none-eabi/10.3.1/../../../../arm-none-eabi/lib/thumb/v7e-m+fp/hard/libc_nano.a(lib_a-init.o)
 .ARM.attributes
                0x00000000000004eb       0x34 /Applications/STM32CubeIDE.app/Contents/Eclipse/plugins/com.st.stm32cube.ide.mcu.externaltools.gnu-tools-for-stm32.10.3-2021.10.macos64_1.0.200.202301161003/tools/bin/../lib/gcc/arm-none-eabi/10.3.1/../../../../arm-none-eabi/lib/thumb/v7e-m+fp/hard/libc_nano.a(lib_a-memcpy-stub.o)
 .ARM.attributes
                0x000000000000051f       0x34 /Applications/STM32CubeIDE.app/Contents/Eclipse/plugins/com.st.stm32cube.ide.mcu.externaltools.gnu-tools-for-stm32.10.3-2021.10.macos64_1.0.200.202301161003/tools/bin/../lib/gcc/arm-none-eabi/10.3.1/../../../../arm-none-eabi/lib/thumb/v7e-m+fp/hard/libc_nano.a(lib_a-memset.o)
 .ARM.attributes
                0x0000000000000553       0x1e /Applications/STM32CubeIDE.app/Contents/Eclipse/plugins/com.st.stm32cube.ide.mcu.externaltools.gnu-tools-for-stm32.10.3-2021.10.macos64_1.0.200.202301161003/tools/bin/../lib/gcc/arm-none-eabi/10.3.1/thumb/v7e-m+fp/hard/crtn.o
OUTPUT(major-project-base-serialise.elf elf32-littlearm)
LOAD linker stubs
LOAD /Applications/STM32CubeIDE.app/Contents/Eclipse/plugins/com.st.stm32cube.ide.mcu.externaltools.gnu-tools-for-stm32.10.3-2021.10.macos64_1.0.200.202301161003/tools/bin/../lib/gcc/arm-none-eabi/10.3.1/../../../../arm-none-eabi/lib/thumb/v7e-m+fp/hard/libc.a
LOAD /Applications/STM32CubeIDE.app/Contents/Eclipse/plugins/com.st.stm32cube.ide.mcu.externaltools.gnu-tools-for-stm32.10.3-2021.10.macos64_1.0.200.202301161003/tools/bin/../lib/gcc/arm-none-eabi/10.3.1/../../../../arm-none-eabi/lib/thumb/v7e-m+fp/hard/libm.a
LOAD /Applications/STM32CubeIDE.app/Contents/Eclipse/plugins/com.st.stm32cube.ide.mcu.externaltools.gnu-tools-for-stm32.10.3-2021.10.macos64_1.0.200.202301161003/tools/bin/../lib/gcc/arm-none-eabi/10.3.1/thumb/v7e-m+fp/hard/libgcc.a

.debug_info     0x0000000000000000    0x14cc3
 .debug_info    0x0000000000000000      0x270 ./Core/Src/board.o
 .debug_info    0x0000000000000270     0x2349 ./Core/Src/main.o
 .debug_info    0x00000000000025b9      0x895 ./Core/Src/ptu_i2c.o
 .debug_info    0x0000000000002e4e      0x73f ./Core/Src/serial.o
 .debug_info    0x000000000000358d      0x48c ./Core/Src/serialise.o
 .debug_info    0x0000000000003a19      0x24a ./Core/Src/servo.o
 .debug_info    0x0000000000003c63     0x1878 ./Core/Src/stm32f3xx_hal_msp.o
 .debug_info    0x00000000000054db      0x753 ./Core/Src/stm32f3xx_it.o
 .debug_info    0x0000000000005c2e      0x416 ./Core/Src/system_stm32f3xx.o
 .debug_info    0x0000000000006044       0x22 ./Core/Startup/startup_stm32f303vctx.o
 .debug_info    0x0000000000006066      0x807 ./Drivers/STM32F3xx_HAL_Driver/Src/stm32f3xx_hal.o
 .debug_info    0x000000000000686d      0xd85 ./Drivers/STM32F3xx_HAL_Driver/Src/stm32f3xx_hal_cortex.o
 .debug_info    0x00000000000075f2      0x68a ./Drivers/STM32F3xx_HAL_Driver/Src/stm32f3xx_hal_gpio.o
 .debug_info    0x0000000000007c7c     0x226b ./Drivers/STM32F3xx_HAL_Driver/Src/stm32f3xx_hal_i2c.o
 .debug_info    0x0000000000009ee7      0x8ab ./Drivers/STM32F3xx_HAL_Driver/Src/stm32f3xx_hal_i2c_ex.o
 .debug_info    0x000000000000a792     0x1784 ./Drivers/STM32F3xx_HAL_Driver/Src/stm32f3xx_hal_pcd.o
 .debug_info    0x000000000000bf16     0x1585 ./Drivers/STM32F3xx_HAL_Driver/Src/stm32f3xx_hal_rcc.o
 .debug_info    0x000000000000d49b      0x628 ./Drivers/STM32F3xx_HAL_Driver/Src/stm32f3xx_hal_rcc_ex.o
 .debug_info    0x000000000000dac3     0x178c ./Drivers/STM32F3xx_HAL_Driver/Src/stm32f3xx_hal_spi.o
 .debug_info    0x000000000000f24f     0x2cdb ./Drivers/STM32F3xx_HAL_Driver/Src/stm32f3xx_hal_tim.o
 .debug_info    0x0000000000011f2a     0x16a8 ./Drivers/STM32F3xx_HAL_Driver/Src/stm32f3xx_hal_tim_ex.o
 .debug_info    0x00000000000135d2     0x16f1 ./Drivers/STM32F3xx_HAL_Driver/Src/stm32f3xx_ll_usb.o

.debug_abbrev   0x0000000000000000     0x2a65
 .debug_abbrev  0x0000000000000000       0xe1 ./Core/Src/board.o
 .debug_abbrev  0x00000000000000e1      0x353 ./Core/Src/main.o
 .debug_abbrev  0x0000000000000434      0x18b ./Core/Src/ptu_i2c.o
 .debug_abbrev  0x00000000000005bf      0x1c7 ./Core/Src/serial.o
 .debug_abbrev  0x0000000000000786      0x127 ./Core/Src/serialise.o
 .debug_abbrev  0x00000000000008ad       0xce ./Core/Src/servo.o
 .debug_abbrev  0x000000000000097b      0x219 ./Core/Src/stm32f3xx_hal_msp.o
 .debug_abbrev  0x0000000000000b94      0x184 ./Core/Src/stm32f3xx_it.o
 .debug_abbrev  0x0000000000000d18      0x116 ./Core/Src/system_stm32f3xx.o
 .debug_abbrev  0x0000000000000e2e       0x12 ./Core/Startup/startup_stm32f303vctx.o
 .debug_abbrev  0x0000000000000e40      0x20e ./Drivers/STM32F3xx_HAL_Driver/Src/stm32f3xx_hal.o
 .debug_abbrev  0x000000000000104e      0x316 ./Drivers/STM32F3xx_HAL_Driver/Src/stm32f3xx_hal_cortex.o
 .debug_abbrev  0x0000000000001364      0x1bb ./Drivers/STM32F3xx_HAL_Driver/Src/stm32f3xx_hal_gpio.o
 .debug_abbrev  0x000000000000151f      0x24a ./Drivers/STM32F3xx_HAL_Driver/Src/stm32f3xx_hal_i2c.o
 .debug_abbrev  0x0000000000001769      0x1b0 ./Drivers/STM32F3xx_HAL_Driver/Src/stm32f3xx_hal_i2c_ex.o
 .debug_abbrev  0x0000000000001919      0x2c0 ./Drivers/STM32F3xx_HAL_Driver/Src/stm32f3xx_hal_pcd.o
 .debug_abbrev  0x0000000000001bd9      0x2f9 ./Drivers/STM32F3xx_HAL_Driver/Src/stm32f3xx_hal_rcc.o
 .debug_abbrev  0x0000000000001ed2      0x240 ./Drivers/STM32F3xx_HAL_Driver/Src/stm32f3xx_hal_rcc_ex.o
 .debug_abbrev  0x0000000000002112      0x254 ./Drivers/STM32F3xx_HAL_Driver/Src/stm32f3xx_hal_spi.o
 .debug_abbrev  0x0000000000002366      0x264 ./Drivers/STM32F3xx_HAL_Driver/Src/stm32f3xx_hal_tim.o
 .debug_abbrev  0x00000000000025ca      0x26c ./Drivers/STM32F3xx_HAL_Driver/Src/stm32f3xx_hal_tim_ex.o
 .debug_abbrev  0x0000000000002836      0x22f ./Drivers/STM32F3xx_HAL_Driver/Src/stm32f3xx_ll_usb.o

.debug_aranges  0x0000000000000000     0x11a8
 .debug_aranges
                0x0000000000000000       0x28 ./Core/Src/board.o
 .debug_aranges
                0x0000000000000028       0x68 ./Core/Src/main.o
 .debug_aranges
                0x0000000000000090       0x20 ./Core/Src/ptu_i2c.o
 .debug_aranges
                0x00000000000000b0       0x50 ./Core/Src/serial.o
 .debug_aranges
                0x0000000000000100       0x28 ./Core/Src/serialise.o
 .debug_aranges
                0x0000000000000128       0x28 ./Core/Src/servo.o
 .debug_aranges
                0x0000000000000150       0x78 ./Core/Src/stm32f3xx_hal_msp.o
 .debug_aranges
                0x00000000000001c8       0x70 ./Core/Src/stm32f3xx_it.o
 .debug_aranges
                0x0000000000000238       0x28 ./Core/Src/system_stm32f3xx.o
 .debug_aranges
                0x0000000000000260       0x28 ./Core/Startup/startup_stm32f303vctx.o
 .debug_aranges
                0x0000000000000288       0xe0 ./Drivers/STM32F3xx_HAL_Driver/Src/stm32f3xx_hal.o
 .debug_aranges
                0x0000000000000368      0x118 ./Drivers/STM32F3xx_HAL_Driver/Src/stm32f3xx_hal_cortex.o
 .debug_aranges
                0x0000000000000480       0x58 ./Drivers/STM32F3xx_HAL_Driver/Src/stm32f3xx_hal_gpio.o
 .debug_aranges
                0x00000000000004d8      0x2a0 ./Drivers/STM32F3xx_HAL_Driver/Src/stm32f3xx_hal_i2c.o
 .debug_aranges
                0x0000000000000778       0x48 ./Drivers/STM32F3xx_HAL_Driver/Src/stm32f3xx_hal_i2c_ex.o
 .debug_aranges
                0x00000000000007c0      0x140 ./Drivers/STM32F3xx_HAL_Driver/Src/stm32f3xx_hal_pcd.o
 .debug_aranges
                0x0000000000000900       0x88 ./Drivers/STM32F3xx_HAL_Driver/Src/stm32f3xx_hal_rcc.o
 .debug_aranges
                0x0000000000000988       0x38 ./Drivers/STM32F3xx_HAL_Driver/Src/stm32f3xx_hal_rcc_ex.o
 .debug_aranges
                0x00000000000009c0      0x1d8 ./Drivers/STM32F3xx_HAL_Driver/Src/stm32f3xx_hal_spi.o
 .debug_aranges
                0x0000000000000b98      0x3e0 ./Drivers/STM32F3xx_HAL_Driver/Src/stm32f3xx_hal_tim.o
 .debug_aranges
                0x0000000000000f78      0x178 ./Drivers/STM32F3xx_HAL_Driver/Src/stm32f3xx_hal_tim_ex.o
 .debug_aranges
                0x00000000000010f0       0xb8 ./Drivers/STM32F3xx_HAL_Driver/Src/stm32f3xx_ll_usb.o

.debug_ranges   0x0000000000000000     0x1068
 .debug_ranges  0x0000000000000000       0x18 ./Core/Src/board.o
 .debug_ranges  0x0000000000000018       0x58 ./Core/Src/main.o
 .debug_ranges  0x0000000000000070       0x10 ./Core/Src/ptu_i2c.o
 .debug_ranges  0x0000000000000080       0x58 ./Core/Src/serial.o
 .debug_ranges  0x00000000000000d8       0x18 ./Core/Src/serialise.o
 .debug_ranges  0x00000000000000f0       0x18 ./Core/Src/servo.o
 .debug_ranges  0x0000000000000108       0x68 ./Core/Src/stm32f3xx_hal_msp.o
 .debug_ranges  0x0000000000000170       0x60 ./Core/Src/stm32f3xx_it.o
 .debug_ranges  0x00000000000001d0       0x18 ./Core/Src/system_stm32f3xx.o
 .debug_ranges  0x00000000000001e8       0x20 ./Core/Startup/startup_stm32f303vctx.o
 .debug_ranges  0x0000000000000208       0xd0 ./Drivers/STM32F3xx_HAL_Driver/Src/stm32f3xx_hal.o
 .debug_ranges  0x00000000000002d8      0x108 ./Drivers/STM32F3xx_HAL_Driver/Src/stm32f3xx_hal_cortex.o
 .debug_ranges  0x00000000000003e0       0x48 ./Drivers/STM32F3xx_HAL_Driver/Src/stm32f3xx_hal_gpio.o
 .debug_ranges  0x0000000000000428      0x290 ./Drivers/STM32F3xx_HAL_Driver/Src/stm32f3xx_hal_i2c.o
 .debug_ranges  0x00000000000006b8       0x38 ./Drivers/STM32F3xx_HAL_Driver/Src/stm32f3xx_hal_i2c_ex.o
 .debug_ranges  0x00000000000006f0      0x130 ./Drivers/STM32F3xx_HAL_Driver/Src/stm32f3xx_hal_pcd.o
 .debug_ranges  0x0000000000000820       0x78 ./Drivers/STM32F3xx_HAL_Driver/Src/stm32f3xx_hal_rcc.o
 .debug_ranges  0x0000000000000898       0x28 ./Drivers/STM32F3xx_HAL_Driver/Src/stm32f3xx_hal_rcc_ex.o
 .debug_ranges  0x00000000000008c0      0x1c8 ./Drivers/STM32F3xx_HAL_Driver/Src/stm32f3xx_hal_spi.o
 .debug_ranges  0x0000000000000a88      0x3d0 ./Drivers/STM32F3xx_HAL_Driver/Src/stm32f3xx_hal_tim.o
 .debug_ranges  0x0000000000000e58      0x168 ./Drivers/STM32F3xx_HAL_Driver/Src/stm32f3xx_hal_tim_ex.o
 .debug_ranges  0x0000000000000fc0       0xa8 ./Drivers/STM32F3xx_HAL_Driver/Src/stm32f3xx_ll_usb.o

.debug_macro    0x0000000000000000    0x1f0d5
 .debug_macro   0x0000000000000000      0x21f ./Core/Src/board.o
 .debug_macro   0x000000000000021f      0xa78 ./Core/Src/board.o
 .debug_macro   0x0000000000000c97       0x22 ./Core/Src/board.o
 .debug_macro   0x0000000000000cb9       0x8e ./Core/Src/board.o
 .debug_macro   0x0000000000000d47       0x51 ./Core/Src/board.o
 .debug_macro   0x0000000000000d98      0x103 ./Core/Src/board.o
 .debug_macro   0x0000000000000e9b       0x6a ./Core/Src/board.o
 .debug_macro   0x0000000000000f05      0x1df ./Core/Src/board.o
 .debug_macro   0x00000000000010e4      0x13c ./Core/Src/board.o
 .debug_macro   0x0000000000001220      0x15d ./Core/Src/board.o
 .debug_macro   0x000000000000137d       0x2e ./Core/Src/board.o
 .debug_macro   0x00000000000013ab       0x28 ./Core/Src/board.o
 .debug_macro   0x00000000000013d3       0x1c ./Core/Src/board.o
 .debug_macro   0x00000000000013ef       0x22 ./Core/Src/board.o
 .debug_macro   0x0000000000001411       0xd9 ./Core/Src/board.o
 .debug_macro   0x00000000000014ea     0x102d ./Core/Src/board.o
 .debug_macro   0x0000000000002517      0x11f ./Core/Src/board.o
 .debug_macro   0x0000000000002636    0x12a3a ./Core/Src/board.o
 .debug_macro   0x0000000000015070       0x6d ./Core/Src/board.o
 .debug_macro   0x00000000000150dd     0x3558 ./Core/Src/board.o
 .debug_macro   0x0000000000018635      0x174 ./Core/Src/board.o
 .debug_macro   0x00000000000187a9       0x55 ./Core/Src/board.o
 .debug_macro   0x00000000000187fe      0x961 ./Core/Src/board.o
 .debug_macro   0x000000000001915f      0x5fe ./Core/Src/board.o
 .debug_macro   0x000000000001975d      0x1b5 ./Core/Src/board.o
 .debug_macro   0x0000000000019912      0x1fb ./Core/Src/board.o
 .debug_macro   0x0000000000019b0d      0x1dc ./Core/Src/board.o
 .debug_macro   0x0000000000019ce9      0x1bc ./Core/Src/board.o
 .debug_macro   0x0000000000019ea5       0x30 ./Core/Src/board.o
 .debug_macro   0x0000000000019ed5       0x3c ./Core/Src/board.o
 .debug_macro   0x0000000000019f11      0x235 ./Core/Src/board.o
 .debug_macro   0x000000000001a146       0xc5 ./Core/Src/board.o
 .debug_macro   0x000000000001a20b      0x21d ./Core/Src/board.o
 .debug_macro   0x000000000001a428      0x22c ./Core/Src/board.o
 .debug_macro   0x000000000001a654       0x5b ./Core/Src/board.o
 .debug_macro   0x000000000001a6af       0xa5 ./Core/Src/board.o
 .debug_macro   0x000000000001a754       0x73 ./Core/Src/board.o
 .debug_macro   0x000000000001a7c7      0x242 ./Core/Src/board.o
 .debug_macro   0x000000000001aa09       0x81 ./Core/Src/board.o
 .debug_macro   0x000000000001aa8a       0xd3 ./Core/Src/board.o
 .debug_macro   0x000000000001ab5d      0x2fe ./Core/Src/board.o
 .debug_macro   0x000000000001ae5b      0xa59 ./Core/Src/board.o
 .debug_macro   0x000000000001b8b4       0x89 ./Core/Src/board.o
 .debug_macro   0x000000000001b93d      0x275 ./Core/Src/board.o
 .debug_macro   0x000000000001bbb2      0x335 ./Core/Src/main.o
 .debug_macro   0x000000000001bee7      0x160 ./Core/Src/main.o
 .debug_macro   0x000000000001c047      0x142 ./Core/Src/main.o
 .debug_macro   0x000000000001c189       0x52 ./Core/Src/main.o
 .debug_macro   0x000000000001c1db       0x1e ./Core/Src/main.o
 .debug_macro   0x000000000001c1f9       0x3c ./Core/Src/main.o
 .debug_macro   0x000000000001c235       0x34 ./Core/Src/main.o
 .debug_macro   0x000000000001c269       0x16 ./Core/Src/main.o
 .debug_macro   0x000000000001c27f       0x43 ./Core/Src/main.o
 .debug_macro   0x000000000001c2c2       0x34 ./Core/Src/main.o
 .debug_macro   0x000000000001c2f6       0x10 ./Core/Src/main.o
 .debug_macro   0x000000000001c306       0x58 ./Core/Src/main.o
 .debug_macro   0x000000000001c35e       0x71 ./Core/Src/main.o
 .debug_macro   0x000000000001c3cf       0x1c ./Core/Src/main.o
 .debug_macro   0x000000000001c3eb      0x12a ./Core/Src/main.o
 .debug_macro   0x000000000001c515      0x341 ./Core/Src/main.o
 .debug_macro   0x000000000001c856       0x10 ./Core/Src/main.o
 .debug_macro   0x000000000001c866       0x35 ./Core/Src/main.o
 .debug_macro   0x000000000001c89b       0x20 ./Core/Src/main.o
 .debug_macro   0x000000000001c8bb       0x22 ./Core/Src/main.o
 .debug_macro   0x000000000001c8dd       0x10 ./Core/Src/main.o
 .debug_macro   0x000000000001c8ed      0x19b ./Core/Src/main.o
 .debug_macro   0x000000000001ca88      0x20f ./Core/Src/ptu_i2c.o
 .debug_macro   0x000000000001cc97      0x1b5 ./Core/Src/serial.o
 .debug_macro   0x000000000001ce4c      0x14e ./Core/Src/serialise.o
 .debug_macro   0x000000000001cf9a      0x21f ./Core/Src/servo.o
 .debug_macro   0x000000000001d1b9      0x20b ./Core/Src/stm32f3xx_hal_msp.o
 .debug_macro   0x000000000001d3c4      0x215 ./Core/Src/stm32f3xx_it.o
 .debug_macro   0x000000000001d5d9      0x1fc ./Core/Src/system_stm32f3xx.o
 .debug_macro   0x000000000001d7d5      0x220 ./Drivers/STM32F3xx_HAL_Driver/Src/stm32f3xx_hal.o
 .debug_macro   0x000000000001d9f5      0x1fc ./Drivers/STM32F3xx_HAL_Driver/Src/stm32f3xx_hal_cortex.o
 .debug_macro   0x000000000001dbf1      0x203 ./Drivers/STM32F3xx_HAL_Driver/Src/stm32f3xx_hal_gpio.o
 .debug_macro   0x000000000001ddf4      0x2c8 ./Drivers/STM32F3xx_HAL_Driver/Src/stm32f3xx_hal_i2c.o
 .debug_macro   0x000000000001e0bc      0x1fc ./Drivers/STM32F3xx_HAL_Driver/Src/stm32f3xx_hal_i2c_ex.o
 .debug_macro   0x000000000001e2b8      0x208 ./Drivers/STM32F3xx_HAL_Driver/Src/stm32f3xx_hal_pcd.o
 .debug_macro   0x000000000001e4c0      0x220 ./Drivers/STM32F3xx_HAL_Driver/Src/stm32f3xx_hal_rcc.o
 .debug_macro   0x000000000001e6e0      0x1fc ./Drivers/STM32F3xx_HAL_Driver/Src/stm32f3xx_hal_rcc_ex.o
 .debug_macro   0x000000000001e8dc      0x204 ./Drivers/STM32F3xx_HAL_Driver/Src/stm32f3xx_hal_spi.o
 .debug_macro   0x000000000001eae0      0x1fd ./Drivers/STM32F3xx_HAL_Driver/Src/stm32f3xx_hal_tim.o
 .debug_macro   0x000000000001ecdd      0x1fc ./Drivers/STM32F3xx_HAL_Driver/Src/stm32f3xx_hal_tim_ex.o
 .debug_macro   0x000000000001eed9      0x1fc ./Drivers/STM32F3xx_HAL_Driver/Src/stm32f3xx_ll_usb.o

.debug_line     0x0000000000000000    0x16c41
 .debug_line    0x0000000000000000      0x78d ./Core/Src/board.o
 .debug_line    0x000000000000078d      0xd13 ./Core/Src/main.o
 .debug_line    0x00000000000014a0      0x7a7 ./Core/Src/ptu_i2c.o
 .debug_line    0x0000000000001c47      0x837 ./Core/Src/serial.o
 .debug_line    0x000000000000247e      0x60d ./Core/Src/serialise.o
 .debug_line    0x0000000000002a8b      0x78e ./Core/Src/servo.o
 .debug_line    0x0000000000003219      0x903 ./Core/Src/stm32f3xx_hal_msp.o
 .debug_line    0x0000000000003b1c      0x852 ./Core/Src/stm32f3xx_it.o
 .debug_line    0x000000000000436e      0x7d6 ./Core/Src/system_stm32f3xx.o
 .debug_line    0x0000000000004b44       0x88 ./Core/Startup/startup_stm32f303vctx.o
 .debug_line    0x0000000000004bcc      0xa0b ./Drivers/STM32F3xx_HAL_Driver/Src/stm32f3xx_hal.o
 .debug_line    0x00000000000055d7      0xcd0 ./Drivers/STM32F3xx_HAL_Driver/Src/stm32f3xx_hal_cortex.o
 .debug_line    0x00000000000062a7      0xb6a ./Drivers/STM32F3xx_HAL_Driver/Src/stm32f3xx_hal_gpio.o
 .debug_line    0x0000000000006e11     0x37da ./Drivers/STM32F3xx_HAL_Driver/Src/stm32f3xx_hal_i2c.o
 .debug_line    0x000000000000a5eb      0x97d ./Drivers/STM32F3xx_HAL_Driver/Src/stm32f3xx_hal_i2c_ex.o
 .debug_line    0x000000000000af68     0x1352 ./Drivers/STM32F3xx_HAL_Driver/Src/stm32f3xx_hal_pcd.o
 .debug_line    0x000000000000c2ba     0x13e8 ./Drivers/STM32F3xx_HAL_Driver/Src/stm32f3xx_hal_rcc.o
 .debug_line    0x000000000000d6a2      0xd74 ./Drivers/STM32F3xx_HAL_Driver/Src/stm32f3xx_hal_rcc_ex.o
 .debug_line    0x000000000000e416     0x1fc6 ./Drivers/STM32F3xx_HAL_Driver/Src/stm32f3xx_hal_spi.o
 .debug_line    0x00000000000103dc     0x3d6f ./Drivers/STM32F3xx_HAL_Driver/Src/stm32f3xx_hal_tim.o
 .debug_line    0x000000000001414b     0x1af2 ./Drivers/STM32F3xx_HAL_Driver/Src/stm32f3xx_hal_tim_ex.o
 .debug_line    0x0000000000015c3d     0x1004 ./Drivers/STM32F3xx_HAL_Driver/Src/stm32f3xx_ll_usb.o

.debug_str      0x0000000000000000    0xb92c2
 .debug_str     0x0000000000000000    0xaff00 ./Core/Src/board.o
                                      0xb05a0 (size before relaxing)
 .debug_str     0x00000000000aff00     0x5224 ./Core/Src/main.o
                                      0xb59ee (size before relaxing)
 .debug_str     0x00000000000b5124      0x102 ./Core/Src/ptu_i2c.o
                                      0xb0ae8 (size before relaxing)
 .debug_str     0x00000000000b5226      0x237 ./Core/Src/serial.o
                                      0x756ec (size before relaxing)
 .debug_str     0x00000000000b545d       0x64 ./Core/Src/serialise.o
                                       0x703c (size before relaxing)
 .debug_str     0x00000000000b54c1       0x14 ./Core/Src/servo.o
                                      0xb0540 (size before relaxing)
 .debug_str     0x00000000000b54d5      0x4a1 ./Core/Src/stm32f3xx_hal_msp.o
                                      0xb18ec (size before relaxing)
 .debug_str     0x00000000000b5976       0xec ./Core/Src/stm32f3xx_it.o
                                      0xb0b73 (size before relaxing)
 .debug_str     0x00000000000b5a62       0xdf ./Core/Src/system_stm32f3xx.o
                                      0xb019d (size before relaxing)
 .debug_str     0x00000000000b5b41       0x7d ./Core/Startup/startup_stm32f303vctx.o
 .debug_str     0x00000000000b5bbe      0x370 ./Drivers/STM32F3xx_HAL_Driver/Src/stm32f3xx_hal.o
                                      0xb09da (size before relaxing)
 .debug_str     0x00000000000b5f2e      0x31d ./Drivers/STM32F3xx_HAL_Driver/Src/stm32f3xx_hal_cortex.o
                                      0xb0a2c (size before relaxing)
 .debug_str     0x00000000000b624b      0x11f ./Drivers/STM32F3xx_HAL_Driver/Src/stm32f3xx_hal_gpio.o
                                      0xb0309 (size before relaxing)
 .debug_str     0x00000000000b636a      0xe27 ./Drivers/STM32F3xx_HAL_Driver/Src/stm32f3xx_hal_i2c.o
                                      0xb149f (size before relaxing)
 .debug_str     0x00000000000b7191       0xb8 ./Drivers/STM32F3xx_HAL_Driver/Src/stm32f3xx_hal_i2c_ex.o
                                      0xb06bd (size before relaxing)
 .debug_str     0x00000000000b7249      0x507 ./Drivers/STM32F3xx_HAL_Driver/Src/stm32f3xx_hal_pcd.o
                                      0xb09b1 (size before relaxing)
 .debug_str     0x00000000000b7750      0x2c6 ./Drivers/STM32F3xx_HAL_Driver/Src/stm32f3xx_hal_rcc.o
                                      0xb063c (size before relaxing)
 .debug_str     0x00000000000b7a16       0xbe ./Drivers/STM32F3xx_HAL_Driver/Src/stm32f3xx_hal_rcc_ex.o
                                      0xb0400 (size before relaxing)
 .debug_str     0x00000000000b7ad4      0x574 ./Drivers/STM32F3xx_HAL_Driver/Src/stm32f3xx_hal_spi.o
                                      0xb0ac2 (size before relaxing)
 .debug_str     0x00000000000b8048      0xcc6 ./Drivers/STM32F3xx_HAL_Driver/Src/stm32f3xx_hal_tim.o
                                      0xb15c3 (size before relaxing)
 .debug_str     0x00000000000b8d0e      0x4dc ./Drivers/STM32F3xx_HAL_Driver/Src/stm32f3xx_hal_tim_ex.o
                                      0xb0e19 (size before relaxing)
 .debug_str     0x00000000000b91ea       0xd8 ./Drivers/STM32F3xx_HAL_Driver/Src/stm32f3xx_ll_usb.o
                                      0xb0506 (size before relaxing)

.comment        0x0000000000000000       0x50
 .comment       0x0000000000000000       0x50 ./Core/Src/board.o
                                         0x51 (size before relaxing)
 .comment       0x0000000000000050       0x51 ./Core/Src/main.o
 .comment       0x0000000000000050       0x51 ./Core/Src/ptu_i2c.o
 .comment       0x0000000000000050       0x51 ./Core/Src/serial.o
 .comment       0x0000000000000050       0x51 ./Core/Src/serialise.o
 .comment       0x0000000000000050       0x51 ./Core/Src/servo.o
 .comment       0x0000000000000050       0x51 ./Core/Src/stm32f3xx_hal_msp.o
 .comment       0x0000000000000050       0x51 ./Core/Src/stm32f3xx_it.o
 .comment       0x0000000000000050       0x51 ./Core/Src/system_stm32f3xx.o
 .comment       0x0000000000000050       0x51 ./Drivers/STM32F3xx_HAL_Driver/Src/stm32f3xx_hal.o
 .comment       0x0000000000000050       0x51 ./Drivers/STM32F3xx_HAL_Driver/Src/stm32f3xx_hal_cortex.o
 .comment       0x0000000000000050       0x51 ./Drivers/STM32F3xx_HAL_Driver/Src/stm32f3xx_hal_gpio.o
 .comment       0x0000000000000050       0x51 ./Drivers/STM32F3xx_HAL_Driver/Src/stm32f3xx_hal_i2c.o
 .comment       0x0000000000000050       0x51 ./Drivers/STM32F3xx_HAL_Driver/Src/stm32f3xx_hal_i2c_ex.o
 .comment       0x0000000000000050       0x51 ./Drivers/STM32F3xx_HAL_Driver/Src/stm32f3xx_hal_pcd.o
 .comment       0x0000000000000050       0x51 ./Drivers/STM32F3xx_HAL_Driver/Src/stm32f3xx_hal_rcc.o
 .comment       0x0000000000000050       0x51 ./Drivers/STM32F3xx_HAL_Driver/Src/stm32f3xx_hal_rcc_ex.o
 .comment       0x0000000000000050       0x51 ./Drivers/STM32F3xx_HAL_Driver/Src/stm32f3xx_hal_spi.o
 .comment       0x0000000000000050       0x51 ./Drivers/STM32F3xx_HAL_Driver/Src/stm32f3xx_hal_tim.o
 .comment       0x0000000000000050       0x51 ./Drivers/STM32F3xx_HAL_Driver/Src/stm32f3xx_hal_tim_ex.o
 .comment       0x0000000000000050       0x51 ./Drivers/STM32F3xx_HAL_Driver/Src/stm32f3xx_ll_usb.o

.debug_frame    0x0000000000000000     0x4a6c
 .debug_frame   0x0000000000000000       0x58 ./Core/Src/board.o
 .debug_frame   0x0000000000000058      0x158 ./Core/Src/main.o
 .debug_frame   0x00000000000001b0       0x38 ./Core/Src/ptu_i2c.o
 .debug_frame   0x00000000000001e8      0x118 ./Core/Src/serial.o
 .debug_frame   0x0000000000000300       0x58 ./Core/Src/serialise.o
 .debug_frame   0x0000000000000358       0x60 ./Core/Src/servo.o
 .debug_frame   0x00000000000003b8      0x1c0 ./Core/Src/stm32f3xx_hal_msp.o
 .debug_frame   0x0000000000000578      0x13c ./Core/Src/stm32f3xx_it.o
 .debug_frame   0x00000000000006b4       0x58 ./Core/Src/system_stm32f3xx.o
 .debug_frame   0x000000000000070c      0x334 ./Drivers/STM32F3xx_HAL_Driver/Src/stm32f3xx_hal.o
 .debug_frame   0x0000000000000a40      0x498 ./Drivers/STM32F3xx_HAL_Driver/Src/stm32f3xx_hal_cortex.o
 .debug_frame   0x0000000000000ed8      0x14c ./Drivers/STM32F3xx_HAL_Driver/Src/stm32f3xx_hal_gpio.o
 .debug_frame   0x0000000000001024      0xc38 ./Drivers/STM32F3xx_HAL_Driver/Src/stm32f3xx_hal_i2c.o
 .debug_frame   0x0000000000001c5c      0x100 ./Drivers/STM32F3xx_HAL_Driver/Src/stm32f3xx_hal_i2c_ex.o
 .debug_frame   0x0000000000001d5c      0x59c ./Drivers/STM32F3xx_HAL_Driver/Src/stm32f3xx_hal_pcd.o
 .debug_frame   0x00000000000022f8      0x214 ./Drivers/STM32F3xx_HAL_Driver/Src/stm32f3xx_hal_rcc.o
 .debug_frame   0x000000000000250c       0xb0 ./Drivers/STM32F3xx_HAL_Driver/Src/stm32f3xx_hal_rcc_ex.o
 .debug_frame   0x00000000000025bc      0x860 ./Drivers/STM32F3xx_HAL_Driver/Src/stm32f3xx_hal_spi.o
 .debug_frame   0x0000000000002e1c     0x121c ./Drivers/STM32F3xx_HAL_Driver/Src/stm32f3xx_hal_tim.o
 .debug_frame   0x0000000000004038      0x688 ./Drivers/STM32F3xx_HAL_Driver/Src/stm32f3xx_hal_tim_ex.o
 .debug_frame   0x00000000000046c0      0x338 ./Drivers/STM32F3xx_HAL_Driver/Src/stm32f3xx_ll_usb.o
 .debug_frame   0x00000000000049f8       0x2c /Applications/STM32CubeIDE.app/Contents/Eclipse/plugins/com.st.stm32cube.ide.mcu.externaltools.gnu-tools-for-stm32.10.3-2021.10.macos64_1.0.200.202301161003/tools/bin/../lib/gcc/arm-none-eabi/10.3.1/../../../../arm-none-eabi/lib/thumb/v7e-m+fp/hard/libc_nano.a(lib_a-init.o)
 .debug_frame   0x0000000000004a24       0x28 /Applications/STM32CubeIDE.app/Contents/Eclipse/plugins/com.st.stm32cube.ide.mcu.externaltools.gnu-tools-for-stm32.10.3-2021.10.macos64_1.0.200.202301161003/tools/bin/../lib/gcc/arm-none-eabi/10.3.1/../../../../arm-none-eabi/lib/thumb/v7e-m+fp/hard/libc_nano.a(lib_a-memcpy-stub.o)
 .debug_frame   0x0000000000004a4c       0x20 /Applications/STM32CubeIDE.app/Contents/Eclipse/plugins/com.st.stm32cube.ide.mcu.externaltools.gnu-tools-for-stm32.10.3-2021.10.macos64_1.0.200.202301161003/tools/bin/../lib/gcc/arm-none-eabi/10.3.1/../../../../arm-none-eabi/lib/thumb/v7e-m+fp/hard/libc_nano.a(lib_a-memset.o)
